2026-08-27T05:19:32.482903866Z Running wrk2 on round #0
2026-08-27T05:19:32.491477438Z unable to connect to 10.96.86.247:5000 Connection refused
2026-08-27T05:19:33.494360989Z Running wrk2 on round #1
2026-08-27T05:19:33.501229886Z unable to connect to 10.96.86.247:5000 Connection refused
2026-08-27T05:19:34.503644895Z Running wrk2 on round #2
2026-08-27T05:19:34.508933082Z unable to connect to 10.96.86.247:5000 Connection refused
2026-08-27T05:19:35.513826685Z Running wrk2 on round #3
2026-08-27T05:19:35.521252092Z unable to connect to 10.96.86.247:5000 Connection refused
2026-08-27T05:19:36.524409187Z Running wrk2 on round #4
2026-08-27T05:19:36.529537852Z unable to connect to 10.96.86.247:5000 Connection refused
2026-08-27T05:19:37.532453091Z Running wrk2 on round #5
2026-08-27T05:19:37.538330849Z unable to connect to 10.96.86.247:5000 Connection refused
2026-08-27T05:19:38.541614925Z Running wrk2 on round #6
2026-08-27T05:19:38.546088811Z unable to connect to 10.96.86.247:5000 Connection refused
2026-08-27T05:19:39.548954868Z Running wrk2 on round #7
2026-08-27T05:19:39.553910280Z unable to connect to 10.96.86.247:5000 Connection refused
2026-08-27T05:19:40.563032267Z Running wrk2 on round #8
2026-08-27T05:19:40.564431650Z unable to connect to 10.96.86.247:5000 Connection refused
2026-08-27T05:19:41.568877026Z Running wrk2 on round #9
2026-08-27T05:19:41.574646066Z unable to connect to 10.96.86.247:5000 Connection refused
2026-08-27T05:19:42.579562306Z Running wrk2 on round #10
2026-08-27T05:19:42.585501642Z unable to connect to 10.96.86.247:5000 Connection refused
2026-08-27T05:19:43.589062938Z Running wrk2 on round #11
2026-08-27T05:19:43.593208146Z unable to connect to 10.96.86.247:5000 Connection refused
2026-08-27T05:19:44.596908162Z Running wrk2 on round #12
2026-08-27T05:19:44.605045641Z unable to connect to 10.96.86.247:5000 Connection refused
2026-08-27T05:19:45.611923314Z Running wrk2 on round #13
2026-08-27T05:19:45.615911157Z unable to connect to 10.96.86.247:5000 Connection refused
2026-08-27T05:19:46.618822409Z Running wrk2 on round #14
2026-08-27T05:19:46.625892508Z unable to connect to 10.96.86.247:5000 Connection refused
2026-08-27T05:19:47.628164524Z Running wrk2 on round #15
2026-08-27T05:19:47.632489716Z unable to connect to 10.96.86.247:5000 Connection refused
2026-08-27T05:19:48.636302606Z Running wrk2 on round #16
2026-08-27T05:19:48.641406117Z unable to connect to 10.96.86.247:5000 Connection refused
2026-08-27T05:19:49.644332059Z Running wrk2 on round #17
2026-08-27T05:19:49.649285883Z unable to connect to 10.96.86.247:5000 Connection refused
2026-08-27T05:19:50.652264651Z Running wrk2 on round #18
2026-08-27T05:19:50.656429357Z unable to connect to 10.96.86.247:5000 Connection refused
2026-08-27T05:19:51.659287238Z Running wrk2 on round #19
2026-08-27T05:20:21.703963801Z Running 30s test @ http://10.96.86.247:5000
2026-08-27T05:20:21.704006618Z   3 threads and 100 connections
2026-08-27T05:20:21.704010724Z 
2026-08-27T05:20:21.704015028Z   Thread calibration: mean lat.: 62.946ms, rate sampling interval: 233ms
2026-08-27T05:20:21.704018386Z   Thread calibration: mean lat.: 63.841ms, rate sampling interval: 233ms
2026-08-27T05:20:21.704021555Z   Thread calibration: mean lat.: 65.899ms, rate sampling interval: 235ms
2026-08-27T05:20:21.704024270Z 
2026-08-27T05:20:21.704027668Z -----------------------------------------------------------------------
2026-08-27T05:20:21.704032178Z Test Results @ http://10.96.86.247:5000 
2026-08-27T05:20:21.704037425Z   Thread Stats   Avg      Stdev     99%   +/- Stdev
2026-08-27T05:20:21.704041932Z     Latency    67.95ms   52.69ms 188.41ms   56.63%
2026-08-27T05:20:21.704073350Z     Req/Sec    32.01     11.67    64.00     75.29%
2026-08-27T05:20:21.704077553Z   Latency Distribution (HdrHistogram - Recorded Latency)
2026-08-27T05:20:21.704081082Z  50.000%   91.46ms
2026-08-27T05:20:21.704084331Z  75.000%  108.42ms
2026-08-27T05:20:21.704087379Z  90.000%  118.33ms
2026-08-27T05:20:21.704090398Z  99.000%  188.41ms
2026-08-27T05:20:21.704093556Z  99.900%  237.05ms
2026-08-27T05:20:21.704095640Z  99.990%  272.13ms
2026-08-27T05:20:21.704098086Z  99.999%  272.13ms
2026-08-27T05:20:21.704100318Z 100.000%  272.13ms
2026-08-27T05:20:21.704102297Z 
2026-08-27T05:20:21.704105289Z   Detailed Percentile spectrum:
2026-08-27T05:20:21.704108480Z        Value   Percentile   TotalCount 1/(1-Percentile)
2026-08-27T05:20:21.704111297Z 
2026-08-27T05:20:21.704114797Z        1.163     0.000000            1         1.00
2026-08-27T05:20:21.704117921Z        2.311     0.100000          195         1.11
2026-08-27T05:20:21.704121194Z        2.571     0.200000          390         1.25
2026-08-27T05:20:21.704124297Z        3.097     0.300000          584         1.43
2026-08-27T05:20:21.704127497Z       84.735     0.400000          780         1.67
2026-08-27T05:20:21.704130758Z       91.455     0.500000          973         2.00
2026-08-27T05:20:21.704133966Z       94.783     0.550000         1071         2.22
2026-08-27T05:20:21.704136804Z       97.983     0.600000         1173         2.50
2026-08-27T05:20:21.704139720Z      101.311     0.650000         1266         2.86
2026-08-27T05:20:21.704143076Z      105.087     0.700000         1363         3.33
2026-08-27T05:20:21.704146026Z      108.415     0.750000         1461         4.00
2026-08-27T05:20:21.704149189Z      109.951     0.775000         1509         4.44
2026-08-27T05:20:21.704152373Z      111.807     0.800000         1557         5.00
2026-08-27T05:20:21.704155575Z      113.599     0.825000         1606         5.71
2026-08-27T05:20:21.704158612Z      114.879     0.850000         1656         6.67
2026-08-27T05:20:21.704161521Z      116.415     0.875000         1703         8.00
2026-08-27T05:20:21.704164708Z      117.247     0.887500         1728         8.89
2026-08-27T05:20:21.704168433Z      118.335     0.900000         1752        10.00
2026-08-27T05:20:21.704171413Z      119.295     0.912500         1778        11.43
2026-08-27T05:20:21.704174553Z      120.063     0.925000         1803        13.33
2026-08-27T05:20:21.704177857Z      120.959     0.937500         1825        16.00
2026-08-27T05:20:21.704181276Z      121.471     0.943750         1837        17.78
2026-08-27T05:20:21.704184447Z      121.919     0.950000         1849        20.00
2026-08-27T05:20:21.704187847Z      122.431     0.956250         1862        22.86
2026-08-27T05:20:21.704190969Z      123.327     0.962500         1874        26.67
2026-08-27T05:20:21.704194291Z      131.071     0.968750         1886        32.00
2026-08-27T05:20:21.704214603Z      135.807     0.971875         1892        35.56
2026-08-27T05:20:21.704217994Z      142.847     0.975000         1898        40.00
2026-08-27T05:20:21.704221173Z      159.103     0.978125         1904        45.71
2026-08-27T05:20:21.704224370Z      165.119     0.981250         1910        53.33
2026-08-27T05:20:21.704227797Z      170.879     0.984375         1916        64.00
2026-08-27T05:20:21.704231319Z      173.695     0.985938         1919        71.11
2026-08-27T05:20:21.704234490Z      177.279     0.987500         1922        80.00
2026-08-27T05:20:21.704237927Z      181.759     0.989062         1925        91.43
2026-08-27T05:20:21.704241286Z      193.663     0.990625         1928       106.67
2026-08-27T05:20:21.704250108Z      198.911     0.992188         1931       128.00
2026-08-27T05:20:21.704252386Z      203.647     0.992969         1933       142.22
2026-08-27T05:20:21.704254534Z      205.183     0.993750         1934       160.00
2026-08-27T05:20:21.704257315Z      208.895     0.994531         1936       182.86
2026-08-27T05:20:21.704260371Z      211.455     0.995313         1937       213.33
2026-08-27T05:20:21.704263513Z      217.599     0.996094         1939       256.00
2026-08-27T05:20:21.704266935Z      221.311     0.996484         1940       284.44
2026-08-27T05:20:21.704270086Z      221.311     0.996875         1940       320.00
2026-08-27T05:20:21.704273385Z      224.511     0.997266         1941       365.71
2026-08-27T05:20:21.704276728Z      229.503     0.997656         1942       426.67
2026-08-27T05:20:21.704279933Z      234.111     0.998047         1943       512.00
2026-08-27T05:20:21.704282946Z      234.111     0.998242         1943       568.89
2026-08-27T05:20:21.704286113Z      234.111     0.998437         1943       640.00
2026-08-27T05:20:21.704289233Z      237.055     0.998633         1944       731.43
2026-08-27T05:20:21.704292917Z      237.055     0.998828         1944       853.33
2026-08-27T05:20:21.704296094Z      247.423     0.999023         1945      1024.00
2026-08-27T05:20:21.704303782Z      247.423     0.999121         1945      1137.78
2026-08-27T05:20:21.704307090Z      247.423     0.999219         1945      1280.00
2026-08-27T05:20:21.704310316Z      247.423     0.999316         1945      1462.86
2026-08-27T05:20:21.704313520Z      247.423     0.999414         1945      1706.67
2026-08-27T05:20:21.704316631Z      272.127     0.999512         1946      2048.00
2026-08-27T05:20:21.704320041Z      272.127     1.000000         1946          inf
2026-08-27T05:20:21.704323420Z #[Mean    =       67.945, StdDeviation   =       52.694]
2026-08-27T05:20:21.704326483Z #[Max     =      271.872, Total count    =         1946]
2026-08-27T05:20:21.704329708Z #[Buckets =           27, SubBuckets     =         2048]
2026-08-27T05:20:21.704333142Z -----------------------------------------------------------------------
2026-08-27T05:20:21.704356657Z   2963 requests in 30.03s, 1.09MB read
2026-08-27T05:20:21.704360547Z   Socket errors: connect 0, read 0, write 0, timeout 188
2026-08-27T05:20:21.704364194Z   Non-2xx or 3xx responses: 1793
2026-08-27T05:20:21.704367362Z Requests/sec:     98.65  
2026-08-27T05:20:21.704370704Z Transfer/sec:     37.24KB
2026-08-27T05:20:22.711152326Z Running wrk2 on round #20
2026-08-27T05:20:52.756931854Z Running 30s test @ http://10.96.86.247:5000
2026-08-27T05:20:52.756975613Z   3 threads and 100 connections
2026-08-27T05:20:52.756981212Z 
2026-08-27T05:20:52.756986935Z   Thread calibration: mean lat.: 68.621ms, rate sampling interval: 236ms
2026-08-27T05:20:52.756990994Z   Thread calibration: mean lat.: 63.971ms, rate sampling interval: 231ms
2026-08-27T05:20:52.756995657Z   Thread calibration: mean lat.: 56.921ms, rate sampling interval: 232ms
2026-08-27T05:20:52.757003353Z 
2026-08-27T05:20:52.757007986Z -----------------------------------------------------------------------
2026-08-27T05:20:52.757012641Z Test Results @ http://10.96.86.247:5000 
2026-08-27T05:20:52.757017977Z   Thread Stats   Avg      Stdev     99%   +/- Stdev
2026-08-27T05:20:52.757022057Z     Latency    66.97ms   52.91ms 189.70ms   54.55%
2026-08-27T05:20:52.757026187Z     Req/Sec    31.96     12.11    60.00     71.48%
2026-08-27T05:20:52.757030246Z   Latency Distribution (HdrHistogram - Recorded Latency)
2026-08-27T05:20:52.757034916Z  50.000%   90.94ms
2026-08-27T05:20:52.757056485Z  75.000%  107.90ms
2026-08-27T05:20:52.757059714Z  90.000%  118.40ms
2026-08-27T05:20:52.757062820Z  99.000%  189.70ms
2026-08-27T05:20:52.757065689Z  99.900%  226.56ms
2026-08-27T05:20:52.757068416Z  99.990%  290.56ms
2026-08-27T05:20:52.757071532Z  99.999%  290.56ms
2026-08-27T05:20:52.757074317Z 100.000%  290.56ms
2026-08-27T05:20:52.757077111Z 
2026-08-27T05:20:52.757080394Z   Detailed Percentile spectrum:
2026-08-27T05:20:52.757083543Z        Value   Percentile   TotalCount 1/(1-Percentile)
2026-08-27T05:20:52.757086111Z 
2026-08-27T05:20:52.757089451Z        0.030     0.000000            1         1.00
2026-08-27T05:20:52.757092554Z        2.223     0.100000          195         1.11
2026-08-27T05:20:52.757095604Z        2.459     0.200000          391         1.25
2026-08-27T05:20:52.757098538Z        2.923     0.300000          583         1.43
2026-08-27T05:20:52.757101454Z       83.711     0.400000          779         1.67
2026-08-27T05:20:52.757104425Z       90.943     0.500000          973         2.00
2026-08-27T05:20:52.757107624Z       94.271     0.550000         1069         2.22
2026-08-27T05:20:52.757110748Z       97.855     0.600000         1170         2.50
2026-08-27T05:20:52.757113934Z      101.311     0.650000         1263         2.86
2026-08-27T05:20:52.757116971Z      104.703     0.700000         1363         3.33
2026-08-27T05:20:52.757119849Z      107.967     0.750000         1458         4.00
2026-08-27T05:20:52.757122742Z      109.887     0.775000         1507         4.44
2026-08-27T05:20:52.757125703Z      111.359     0.800000         1555         5.00
2026-08-27T05:20:52.757128855Z      113.599     0.825000         1604         5.71
2026-08-27T05:20:52.757131910Z      115.519     0.850000         1653         6.67
2026-08-27T05:20:52.757134919Z      117.055     0.875000         1702         8.00
2026-08-27T05:20:52.757138114Z      117.503     0.887500         1725         8.89
2026-08-27T05:20:52.757141178Z      118.399     0.900000         1752        10.00
2026-08-27T05:20:52.757144143Z      119.167     0.912500         1773        11.43
2026-08-27T05:20:52.757147407Z      120.127     0.925000         1798        13.33
2026-08-27T05:20:52.757150478Z      120.831     0.937500         1825        16.00
2026-08-27T05:20:52.757153515Z      121.343     0.943750         1834        17.78
2026-08-27T05:20:52.757156726Z      121.983     0.950000         1849        20.00
2026-08-27T05:20:52.757159712Z      122.559     0.956250         1859        22.86
2026-08-27T05:20:52.757162720Z      123.135     0.962500         1871        26.67
2026-08-27T05:20:52.757165764Z      126.911     0.968750         1883        32.00
2026-08-27T05:20:52.757169000Z      129.471     0.971875         1889        35.56
2026-08-27T05:20:52.757172249Z      143.103     0.975000         1895        40.00
2026-08-27T05:20:52.757175691Z      153.215     0.978125         1901        45.71
2026-08-27T05:20:52.757178916Z      167.039     0.981250         1907        53.33
2026-08-27T05:20:52.757181905Z      177.151     0.984375         1913        64.00
2026-08-27T05:20:52.757184787Z      180.223     0.985938         1916        71.11
2026-08-27T05:20:52.757187899Z      182.015     0.987500         1919        80.00
2026-08-27T05:20:52.757190927Z      186.367     0.989062         1922        91.43
2026-08-27T05:20:52.757193896Z      190.847     0.990625         1925       106.67
2026-08-27T05:20:52.757196986Z      193.023     0.992188         1928       128.00
2026-08-27T05:20:52.757199664Z      195.327     0.992969         1930       142.22
2026-08-27T05:20:52.757202788Z      200.191     0.993750         1931       160.00
2026-08-27T05:20:52.757210618Z      202.367     0.994531         1933       182.86
2026-08-27T05:20:52.757214165Z      209.791     0.995313         1934       213.33
2026-08-27T05:20:52.757217716Z      213.247     0.996094         1936       256.00
2026-08-27T05:20:52.757220595Z      218.111     0.996484         1937       284.44
2026-08-27T05:20:52.757223768Z      218.111     0.996875         1937       320.00
2026-08-27T05:20:52.757229310Z      219.903     0.997266         1938       365.71
2026-08-27T05:20:52.757232531Z      225.279     0.997656         1939       426.67
2026-08-27T05:20:52.757235717Z      226.047     0.998047         1940       512.00
2026-08-27T05:20:52.757238938Z      226.047     0.998242         1940       568.89
2026-08-27T05:20:52.757242451Z      226.047     0.998437         1940       640.00
2026-08-27T05:20:52.757245954Z      226.559     0.998633         1941       731.43
2026-08-27T05:20:52.757249217Z      226.559     0.998828         1941       853.33
2026-08-27T05:20:52.757252296Z      228.351     0.999023         1942      1024.00
2026-08-27T05:20:52.757255327Z      228.351     0.999121         1942      1137.78
2026-08-27T05:20:52.757258196Z      228.351     0.999219         1942      1280.00
2026-08-27T05:20:52.757261195Z      228.351     0.999316         1942      1462.86
2026-08-27T05:20:52.757264005Z      228.351     0.999414         1942      1706.67
2026-08-27T05:20:52.757266918Z      290.559     0.999512         1943      2048.00
2026-08-27T05:20:52.757269924Z      290.559     1.000000         1943          inf
2026-08-27T05:20:52.757273206Z #[Mean    =       66.967, StdDeviation   =       52.908]
2026-08-27T05:20:52.757276151Z #[Max     =      290.304, Total count    =         1943]
2026-08-27T05:20:52.757279168Z #[Buckets =           27, SubBuckets     =         2048]
2026-08-27T05:20:52.757282095Z -----------------------------------------------------------------------
2026-08-27T05:20:52.757302644Z   2927 requests in 30.04s, 1.08MB read
2026-08-27T05:20:52.757306215Z   Socket errors: connect 0, read 0, write 0, timeout 195
2026-08-27T05:20:52.757309522Z   Non-2xx or 3xx responses: 1753
2026-08-27T05:20:52.757312603Z Requests/sec:     97.45  
2026-08-27T05:20:52.757315679Z Transfer/sec:     36.84KB
2026-08-27T05:20:53.764272929Z Running wrk2 on round #21
2026-08-27T05:21:23.798111661Z Running 30s test @ http://10.96.86.247:5000
2026-08-27T05:21:23.798151174Z   3 threads and 100 connections
2026-08-27T05:21:23.798157274Z 
2026-08-27T05:21:23.798163472Z   Thread calibration: mean lat.: 60.134ms, rate sampling interval: 230ms
2026-08-27T05:21:23.798168482Z   Thread calibration: mean lat.: 71.125ms, rate sampling interval: 239ms
2026-08-27T05:21:23.798172870Z   Thread calibration: mean lat.: 62.599ms, rate sampling interval: 237ms
2026-08-27T05:21:23.798176891Z 
2026-08-27T05:21:23.798181293Z -----------------------------------------------------------------------
2026-08-27T05:21:23.798185611Z Test Results @ http://10.96.86.247:5000 
2026-08-27T05:21:23.798190418Z   Thread Stats   Avg      Stdev     99%   +/- Stdev
2026-08-27T05:21:23.798193451Z     Latency    67.61ms   52.31ms 181.63ms   55.22%
2026-08-27T05:21:23.798197663Z     Req/Sec    32.04     11.25    55.00     79.05%
2026-08-27T05:21:23.798201508Z   Latency Distribution (HdrHistogram - Recorded Latency)
2026-08-27T05:21:23.798205116Z  50.000%   91.46ms
2026-08-27T05:21:23.798207879Z  75.000%  108.03ms
2026-08-27T05:21:23.798210791Z  90.000%  118.59ms
2026-08-27T05:21:23.798213670Z  99.000%  181.63ms
2026-08-27T05:21:23.798216462Z  99.900%  221.18ms
2026-08-27T05:21:23.798237760Z  99.990%  233.21ms
2026-08-27T05:21:23.798240109Z  99.999%  233.21ms
2026-08-27T05:21:23.798242278Z 100.000%  233.21ms
2026-08-27T05:21:23.798244196Z 
2026-08-27T05:21:23.798246289Z   Detailed Percentile spectrum:
2026-08-27T05:21:23.798248458Z        Value   Percentile   TotalCount 1/(1-Percentile)
2026-08-27T05:21:23.798250383Z 
2026-08-27T05:21:23.798252547Z        1.104     0.000000            1         1.00
2026-08-27T05:21:23.798254822Z        2.309     0.100000          196         1.11
2026-08-27T05:21:23.798256983Z        2.563     0.200000          389         1.25
2026-08-27T05:21:23.798259134Z        2.907     0.300000          584         1.43
2026-08-27T05:21:23.798261293Z       84.415     0.400000          780         1.67
2026-08-27T05:21:23.798263436Z       91.455     0.500000          973         2.00
2026-08-27T05:21:23.798265556Z       94.719     0.550000         1073         2.22
2026-08-27T05:21:23.798267774Z       97.919     0.600000         1167         2.50
2026-08-27T05:21:23.798279050Z      101.439     0.650000         1266         2.86
2026-08-27T05:21:23.798281455Z      105.023     0.700000         1363         3.33
2026-08-27T05:21:23.798283615Z      108.031     0.750000         1459         4.00
2026-08-27T05:21:23.798285751Z      109.951     0.775000         1508         4.44
2026-08-27T05:21:23.798287922Z      111.615     0.800000         1556         5.00
2026-08-27T05:21:23.798290076Z      113.151     0.825000         1606         5.71
2026-08-27T05:21:23.798292183Z      114.815     0.850000         1655         6.67
2026-08-27T05:21:23.798294248Z      116.799     0.875000         1704         8.00
2026-08-27T05:21:23.798296409Z      117.567     0.887500         1727         8.89
2026-08-27T05:21:23.798298621Z      118.591     0.900000         1751        10.00
2026-08-27T05:21:23.798300719Z      119.487     0.912500         1776        11.43
2026-08-27T05:21:23.798302831Z      120.319     0.925000         1801        13.33
2026-08-27T05:21:23.798304947Z      121.087     0.937500         1824        16.00
2026-08-27T05:21:23.798307052Z      121.599     0.943750         1837        17.78
2026-08-27T05:21:23.798309080Z      122.047     0.950000         1850        20.00
2026-08-27T05:21:23.798311114Z      122.367     0.956250         1860        22.86
2026-08-27T05:21:23.798313593Z      123.135     0.962500         1873        26.67
2026-08-27T05:21:23.798315805Z      128.959     0.968750         1885        32.00
2026-08-27T05:21:23.798318246Z      136.063     0.971875         1891        35.56
2026-08-27T05:21:23.798320411Z      151.295     0.975000         1897        40.00
2026-08-27T05:21:23.798322495Z      155.519     0.978125         1903        45.71
2026-08-27T05:21:23.798324603Z      164.223     0.981250         1909        53.33
2026-08-27T05:21:23.798326706Z      171.263     0.984375         1915        64.00
2026-08-27T05:21:23.798328770Z      173.311     0.985938         1918        71.11
2026-08-27T05:21:23.798330980Z      176.511     0.987500         1921        80.00
2026-08-27T05:21:23.798333174Z      177.791     0.989062         1924        91.43
2026-08-27T05:21:23.798335273Z      181.759     0.990625         1927       106.67
2026-08-27T05:21:23.798337327Z      186.623     0.992188         1930       128.00
2026-08-27T05:21:23.798339445Z      188.671     0.992969         1932       142.22
2026-08-27T05:21:23.798341481Z      190.719     0.993750         1933       160.00
2026-08-27T05:21:23.798343536Z      195.711     0.994531         1935       182.86
2026-08-27T05:21:23.798345568Z      196.863     0.995313         1936       213.33
2026-08-27T05:21:23.798351582Z      203.903     0.996094         1938       256.00
2026-08-27T05:21:23.798353848Z      209.151     0.996484         1939       284.44
2026-08-27T05:21:23.798356059Z      209.151     0.996875         1939       320.00
2026-08-27T05:21:23.798358208Z      212.223     0.997266         1940       365.71
2026-08-27T05:21:23.798360516Z      214.399     0.997656         1941       426.67
2026-08-27T05:21:23.798362642Z      217.471     0.998047         1942       512.00
2026-08-27T05:21:23.798364709Z      217.471     0.998242         1942       568.89
2026-08-27T05:21:23.798366763Z      217.471     0.998437         1942       640.00
2026-08-27T05:21:23.798369011Z      221.183     0.998633         1943       731.43
2026-08-27T05:21:23.798371216Z      221.183     0.998828         1943       853.33
2026-08-27T05:21:23.798373395Z      224.383     0.999023         1944      1024.00
2026-08-27T05:21:23.798375485Z      224.383     0.999121         1944      1137.78
2026-08-27T05:21:23.798377635Z      224.383     0.999219         1944      1280.00
2026-08-27T05:21:23.798379686Z      224.383     0.999316         1944      1462.86
2026-08-27T05:21:23.798381804Z      224.383     0.999414         1944      1706.67
2026-08-27T05:21:23.798384108Z      233.215     0.999512         1945      2048.00
2026-08-27T05:21:23.798386672Z      233.215     1.000000         1945          inf
2026-08-27T05:21:23.798388964Z #[Mean    =       67.615, StdDeviation   =       52.306]
2026-08-27T05:21:23.798391231Z #[Max     =      233.088, Total count    =         1945]
2026-08-27T05:21:23.798393564Z #[Buckets =           27, SubBuckets     =         2048]
2026-08-27T05:21:23.798395872Z -----------------------------------------------------------------------
2026-08-27T05:21:23.798412517Z   2927 requests in 30.02s, 1.07MB read
2026-08-27T05:21:23.798415038Z   Socket errors: connect 0, read 0, write 0, timeout 186
2026-08-27T05:21:23.798417320Z   Non-2xx or 3xx responses: 1757
2026-08-27T05:21:23.798419423Z Requests/sec:     97.49  
2026-08-27T05:21:23.798421650Z Transfer/sec:     36.55KB
2026-08-27T05:21:24.805385654Z Running wrk2 on round #22
2026-08-27T05:21:54.845454273Z Running 30s test @ http://10.96.86.247:5000
2026-08-27T05:21:54.845492055Z   3 threads and 100 connections
2026-08-27T05:21:54.845498674Z 
2026-08-27T05:21:54.845505248Z   Thread calibration: mean lat.: 72.848ms, rate sampling interval: 235ms
2026-08-27T05:21:54.845511670Z   Thread calibration: mean lat.: 64.090ms, rate sampling interval: 233ms
2026-08-27T05:21:54.845517613Z   Thread calibration: mean lat.: 62.070ms, rate sampling interval: 235ms
2026-08-27T05:21:54.845522951Z 
2026-08-27T05:21:54.845529009Z -----------------------------------------------------------------------
2026-08-27T05:21:54.845534978Z Test Results @ http://10.96.86.247:5000 
2026-08-27T05:21:54.845541565Z   Thread Stats   Avg      Stdev     99%   +/- Stdev
2026-08-27T05:21:54.845547447Z     Latency    64.92ms   52.16ms 171.13ms   50.82%
2026-08-27T05:21:54.845553083Z     Req/Sec    31.98     11.03    59.00     76.38%
2026-08-27T05:21:54.845559714Z   Latency Distribution (HdrHistogram - Recorded Latency)
2026-08-27T05:21:54.845566432Z  50.000%   89.73ms
2026-08-27T05:21:54.845572609Z  75.000%  106.30ms
2026-08-27T05:21:54.845578656Z  90.000%  117.57ms
2026-08-27T05:21:54.845627034Z  99.000%  171.13ms
2026-08-27T05:21:54.845631711Z  99.900%  223.74ms
2026-08-27T05:21:54.845635159Z  99.990%  283.14ms
2026-08-27T05:21:54.845638499Z  99.999%  283.14ms
2026-08-27T05:21:54.845642276Z 100.000%  283.14ms
2026-08-27T05:21:54.845645554Z 
2026-08-27T05:21:54.845648918Z   Detailed Percentile spectrum:
2026-08-27T05:21:54.845671802Z        Value   Percentile   TotalCount 1/(1-Percentile)
2026-08-27T05:21:54.845674333Z 
2026-08-27T05:21:54.845676584Z        1.058     0.000000            1         1.00
2026-08-27T05:21:54.845678889Z        2.145     0.100000          194         1.11
2026-08-27T05:21:54.845681490Z        2.369     0.200000          388         1.25
2026-08-27T05:21:54.845683854Z        2.659     0.300000          582         1.43
2026-08-27T05:21:54.845686173Z       81.407     0.400000          776         1.67
2026-08-27T05:21:54.845688620Z       89.727     0.500000          972         2.00
2026-08-27T05:21:54.845690867Z       93.887     0.550000         1071         2.22
2026-08-27T05:21:54.845693114Z       96.831     0.600000         1164         2.50
2026-08-27T05:21:54.845700008Z      100.095     0.650000         1262         2.86
2026-08-27T05:21:54.845702344Z      103.615     0.700000         1359         3.33
2026-08-27T05:21:54.845704554Z      106.303     0.750000         1455         4.00
2026-08-27T05:21:54.845706817Z      108.159     0.775000         1505         4.44
2026-08-27T05:21:54.845709112Z      110.079     0.800000         1552         5.00
2026-08-27T05:21:54.845766801Z      111.807     0.825000         1601         5.71
2026-08-27T05:21:54.845769842Z      113.791     0.850000         1649         6.67
2026-08-27T05:21:54.845772053Z      115.839     0.875000         1700         8.00
2026-08-27T05:21:54.845774966Z      116.607     0.887500         1722         8.89
2026-08-27T05:21:54.845777422Z      117.567     0.900000         1746        10.00
2026-08-27T05:21:54.845779636Z      118.847     0.912500         1772        11.43
2026-08-27T05:21:54.845781924Z      119.743     0.925000         1797        13.33
2026-08-27T05:21:54.845784332Z      120.575     0.937500         1819        16.00
2026-08-27T05:21:54.845786636Z      120.959     0.943750         1831        17.78
2026-08-27T05:21:54.845788958Z      121.471     0.950000         1844        20.00
2026-08-27T05:21:54.845791132Z      121.983     0.956250         1856        22.86
2026-08-27T05:21:54.845793381Z      122.431     0.962500         1868        26.67
2026-08-27T05:21:54.845795599Z      123.647     0.968750         1880        32.00
2026-08-27T05:21:54.845797745Z      124.223     0.971875         1886        35.56
2026-08-27T05:21:54.845800014Z      132.735     0.975000         1892        40.00
2026-08-27T05:21:54.845802357Z      140.159     0.978125         1898        45.71
2026-08-27T05:21:54.845804661Z      148.735     0.981250         1904        53.33
2026-08-27T05:21:54.845827694Z      156.799     0.984375         1910        64.00
2026-08-27T05:21:54.845832549Z      160.767     0.985938         1913        71.11
2026-08-27T05:21:54.845836391Z      162.175     0.987500         1916        80.00
2026-08-27T05:21:54.845840265Z      170.111     0.989062         1919        91.43
2026-08-27T05:21:54.845844183Z      172.799     0.990625         1922       106.67
2026-08-27T05:21:54.845848697Z      182.143     0.992188         1925       128.00
2026-08-27T05:21:54.845852308Z      185.215     0.992969         1927       142.22
2026-08-27T05:21:54.845856018Z      185.343     0.993750         1928       160.00
2026-08-27T05:21:54.845860091Z      191.487     0.994531         1930       182.86
2026-08-27T05:21:54.845864309Z      192.383     0.995313         1931       213.33
2026-08-27T05:21:54.845868019Z      196.223     0.996094         1933       256.00
2026-08-27T05:21:54.845871873Z      196.351     0.996484         1934       284.44
2026-08-27T05:21:54.845875926Z      196.351     0.996875         1934       320.00
2026-08-27T05:21:54.845889856Z      198.399     0.997266         1935       365.71
2026-08-27T05:21:54.845894016Z      204.799     0.997656         1936       426.67
2026-08-27T05:21:54.845898066Z      205.055     0.998047         1937       512.00
2026-08-27T05:21:54.845901945Z      205.055     0.998242         1937       568.89
2026-08-27T05:21:54.845906040Z      205.055     0.998437         1937       640.00
2026-08-27T05:21:54.845909922Z      223.743     0.998633         1938       731.43
2026-08-27T05:21:54.845913846Z      223.743     0.998828         1938       853.33
2026-08-27T05:21:54.845917999Z      230.911     0.999023         1939      1024.00
2026-08-27T05:21:54.845922018Z      230.911     0.999121         1939      1137.78
2026-08-27T05:21:54.845925966Z      230.911     0.999219         1939      1280.00
2026-08-27T05:21:54.845929992Z      230.911     0.999316         1939      1462.86
2026-08-27T05:21:54.845933911Z      230.911     0.999414         1939      1706.67
2026-08-27T05:21:54.845938210Z      283.135     0.999512         1940      2048.00
2026-08-27T05:21:54.845942095Z      283.135     1.000000         1940          inf
2026-08-27T05:21:54.845946809Z #[Mean    =       64.918, StdDeviation   =       52.157]
2026-08-27T05:21:54.845951186Z #[Max     =      282.880, Total count    =         1940]
2026-08-27T05:21:54.845955312Z #[Buckets =           27, SubBuckets     =         2048]
2026-08-27T05:21:54.845959817Z -----------------------------------------------------------------------
2026-08-27T05:21:54.845989456Z   2961 requests in 30.03s, 1.12MB read
2026-08-27T05:21:54.845995013Z   Socket errors: connect 0, read 0, write 0, timeout 183
2026-08-27T05:21:54.845999265Z   Non-2xx or 3xx responses: 1764
2026-08-27T05:21:54.846003508Z Requests/sec:     98.60  
2026-08-27T05:21:54.846007884Z Transfer/sec:     38.15KB
2026-08-27T05:21:55.855895935Z Running wrk2 on round #23
2026-08-27T05:22:25.882984875Z Running 30s test @ http://10.96.86.247:5000
2026-08-27T05:22:25.883023285Z   3 threads and 100 connections
2026-08-27T05:22:25.883028660Z 
2026-08-27T05:22:25.883033930Z   Thread calibration: mean lat.: 66.005ms, rate sampling interval: 234ms
2026-08-27T05:22:25.883039035Z   Thread calibration: mean lat.: 66.447ms, rate sampling interval: 231ms
2026-08-27T05:22:25.883044167Z   Thread calibration: mean lat.: 70.165ms, rate sampling interval: 236ms
2026-08-27T05:22:25.883048489Z 
2026-08-27T05:22:25.883052924Z -----------------------------------------------------------------------
2026-08-27T05:22:25.883057407Z Test Results @ http://10.96.86.247:5000 
2026-08-27T05:22:25.883062382Z   Thread Stats   Avg      Stdev     99%   +/- Stdev
2026-08-27T05:22:25.883066832Z     Latency    66.20ms   52.66ms 179.20ms   53.01%
2026-08-27T05:22:25.883071383Z     Req/Sec    31.94     11.50    59.00     71.37%
2026-08-27T05:22:25.883075542Z   Latency Distribution (HdrHistogram - Recorded Latency)
2026-08-27T05:22:25.883080839Z  50.000%   90.75ms
2026-08-27T05:22:25.883083857Z  75.000%  107.78ms
2026-08-27T05:22:25.883086717Z  90.000%  118.53ms
2026-08-27T05:22:25.883089594Z  99.000%  179.20ms
2026-08-27T05:22:25.883092392Z  99.900%  221.82ms
2026-08-27T05:22:25.883095175Z  99.990%  276.48ms
2026-08-27T05:22:25.883097890Z  99.999%  276.48ms
2026-08-27T05:22:25.883101376Z 100.000%  276.48ms
2026-08-27T05:22:25.883105398Z 
2026-08-27T05:22:25.883109884Z   Detailed Percentile spectrum:
2026-08-27T05:22:25.883114347Z        Value   Percentile   TotalCount 1/(1-Percentile)
2026-08-27T05:22:25.883118306Z 
2026-08-27T05:22:25.883122734Z        1.032     0.000000            1         1.00
2026-08-27T05:22:25.883172822Z        2.281     0.100000          196         1.11
2026-08-27T05:22:25.883176614Z        2.553     0.200000          390         1.25
2026-08-27T05:22:25.883180020Z        2.969     0.300000          583         1.43
2026-08-27T05:22:25.883183461Z       83.263     0.400000          777         1.67
2026-08-27T05:22:25.883186564Z       90.751     0.500000          972         2.00
2026-08-27T05:22:25.883189548Z       94.207     0.550000         1069         2.22
2026-08-27T05:22:25.883192609Z       97.791     0.600000         1165         2.50
2026-08-27T05:22:25.883195628Z      100.735     0.650000         1262         2.86
2026-08-27T05:22:25.883198662Z      104.127     0.700000         1359         3.33
2026-08-27T05:22:25.883200849Z      107.775     0.750000         1458         4.00
2026-08-27T05:22:25.883203086Z      109.375     0.775000         1506         4.44
2026-08-27T05:22:25.883205263Z      111.295     0.800000         1553         5.00
2026-08-27T05:22:25.883207380Z      112.831     0.825000         1602         5.71
2026-08-27T05:22:25.883209488Z      114.751     0.850000         1651         6.67
2026-08-27T05:22:25.883211535Z      116.735     0.875000         1700         8.00
2026-08-27T05:22:25.883215500Z      117.567     0.887500         1723         8.89
2026-08-27T05:22:25.883217656Z      118.527     0.900000         1751        10.00
2026-08-27T05:22:25.883219805Z      119.423     0.912500         1773        11.43
2026-08-27T05:22:25.883221980Z      120.319     0.925000         1797        13.33
2026-08-27T05:22:25.883224189Z      121.215     0.937500         1822        16.00
2026-08-27T05:22:25.883226206Z      121.471     0.943750         1832        17.78
2026-08-27T05:22:25.883228274Z      121.919     0.950000         1845        20.00
2026-08-27T05:22:25.883230329Z      122.431     0.956250         1858        22.86
2026-08-27T05:22:25.883232747Z      123.007     0.962500         1869        26.67
2026-08-27T05:22:25.883234869Z      125.567     0.968750         1881        32.00
2026-08-27T05:22:25.883237440Z      131.455     0.971875         1887        35.56
2026-08-27T05:22:25.883239563Z      144.255     0.975000         1893        40.00
2026-08-27T05:22:25.883241674Z      148.607     0.978125         1899        45.71
2026-08-27T05:22:25.883243767Z      158.591     0.981250         1905        53.33
2026-08-27T05:22:25.883245884Z      167.935     0.984375         1911        64.00
2026-08-27T05:22:25.883247937Z      171.519     0.985938         1914        71.11
2026-08-27T05:22:25.883250011Z      171.903     0.987500         1918        80.00
2026-08-27T05:22:25.883252092Z      174.591     0.989062         1920        91.43
2026-08-27T05:22:25.883254456Z      181.631     0.990625         1923       106.67
2026-08-27T05:22:25.883260827Z      196.607     0.992188         1926       128.00
2026-08-27T05:22:25.883263045Z      199.167     0.992969         1929       142.22
2026-08-27T05:22:25.883265268Z      199.167     0.993750         1929       160.00
2026-08-27T05:22:25.883268547Z      202.879     0.994531         1931       182.86
2026-08-27T05:22:25.883271484Z      204.415     0.995313         1932       213.33
2026-08-27T05:22:25.883274482Z      209.023     0.996094         1934       256.00
2026-08-27T05:22:25.883277561Z      209.407     0.996484         1935       284.44
2026-08-27T05:22:25.883284139Z      209.407     0.996875         1935       320.00
2026-08-27T05:22:25.883287980Z      210.175     0.997266         1936       365.71
2026-08-27T05:22:25.883290896Z      216.959     0.997656         1937       426.67
2026-08-27T05:22:25.883293825Z      219.903     0.998047         1938       512.00
2026-08-27T05:22:25.883302731Z      219.903     0.998242         1938       568.89
2026-08-27T05:22:25.883306072Z      219.903     0.998437         1938       640.00
2026-08-27T05:22:25.883309550Z      221.823     0.998633         1939       731.43
2026-08-27T05:22:25.883312622Z      221.823     0.998828         1939       853.33
2026-08-27T05:22:25.883315802Z      256.511     0.999023         1940      1024.00
2026-08-27T05:22:25.883318847Z      256.511     0.999121         1940      1137.78
2026-08-27T05:22:25.883321824Z      256.511     0.999219         1940      1280.00
2026-08-27T05:22:25.883324751Z      256.511     0.999316         1940      1462.86
2026-08-27T05:22:25.883327895Z      256.511     0.999414         1940      1706.67
2026-08-27T05:22:25.883330969Z      276.479     0.999512         1941      2048.00
2026-08-27T05:22:25.883334111Z      276.479     1.000000         1941          inf
2026-08-27T05:22:25.883337003Z #[Mean    =       66.199, StdDeviation   =       52.663]
2026-08-27T05:22:25.883340481Z #[Max     =      276.224, Total count    =         1941]
2026-08-27T05:22:25.883343632Z #[Buckets =           27, SubBuckets     =         2048]
2026-08-27T05:22:25.883346819Z -----------------------------------------------------------------------
2026-08-27T05:22:25.883368336Z   2961 requests in 30.02s, 1.12MB read
2026-08-27T05:22:25.883372174Z   Socket errors: connect 0, read 0, write 0, timeout 183
2026-08-27T05:22:25.883375405Z   Non-2xx or 3xx responses: 1793
2026-08-27T05:22:25.883379368Z Requests/sec:     98.64  
2026-08-27T05:22:25.883382542Z Transfer/sec:     38.14KB
2026-08-27T05:22:26.890891258Z Running wrk2 on round #24
2026-08-27T05:22:56.906932535Z Running 30s test @ http://10.96.86.247:5000
2026-08-27T05:22:56.906966138Z   3 threads and 100 connections
2026-08-27T05:22:56.906969516Z 
2026-08-27T05:22:56.906973211Z   Thread calibration: mean lat.: 61.119ms, rate sampling interval: 234ms
2026-08-27T05:22:56.906976712Z   Thread calibration: mean lat.: 64.916ms, rate sampling interval: 235ms
2026-08-27T05:22:56.906979873Z   Thread calibration: mean lat.: 71.231ms, rate sampling interval: 239ms
2026-08-27T05:22:56.906983005Z 
2026-08-27T05:22:56.906985961Z -----------------------------------------------------------------------
2026-08-27T05:22:56.906989247Z Test Results @ http://10.96.86.247:5000 
2026-08-27T05:22:56.906992868Z   Thread Stats   Avg      Stdev     99%   +/- Stdev
2026-08-27T05:22:56.906995867Z     Latency    65.40ms   52.85ms 184.06ms   51.11%
2026-08-27T05:22:56.906998658Z     Req/Sec    32.03     11.06    59.00     78.17%
2026-08-27T05:22:56.907001452Z   Latency Distribution (HdrHistogram - Recorded Latency)
2026-08-27T05:22:56.907005042Z  50.000%   90.88ms
2026-08-27T05:22:56.907008047Z  75.000%  108.16ms
2026-08-27T05:22:56.907010988Z  90.000%  118.40ms
2026-08-27T05:22:56.907013856Z  99.000%  184.06ms
2026-08-27T05:22:56.907016667Z  99.900%  222.85ms
2026-08-27T05:22:56.907019522Z  99.990%  296.45ms
2026-08-27T05:22:56.907022328Z  99.999%  296.45ms
2026-08-27T05:22:56.907025151Z 100.000%  296.45ms
2026-08-27T05:22:56.907027895Z 
2026-08-27T05:22:56.907031025Z   Detailed Percentile spectrum:
2026-08-27T05:22:56.907033847Z        Value   Percentile   TotalCount 1/(1-Percentile)
2026-08-27T05:22:56.907036467Z 
2026-08-27T05:22:56.907039219Z        0.794     0.000000            1         1.00
2026-08-27T05:22:56.907041991Z        2.111     0.100000          196         1.11
2026-08-27T05:22:56.907044909Z        2.325     0.200000          391         1.25
2026-08-27T05:22:56.907047734Z        2.575     0.300000          584         1.43
2026-08-27T05:22:56.907067713Z       72.575     0.400000          778         1.67
2026-08-27T05:22:56.907070011Z       90.879     0.500000          973         2.00
2026-08-27T05:22:56.907072252Z       94.207     0.550000         1069         2.22
2026-08-27T05:22:56.907074332Z       97.727     0.600000         1167         2.50
2026-08-27T05:22:56.907076477Z      101.375     0.650000         1263         2.86
2026-08-27T05:22:56.907078552Z      104.703     0.700000         1362         3.33
2026-08-27T05:22:56.907080678Z      108.159     0.750000         1458         4.00
2026-08-27T05:22:56.907082801Z      110.015     0.775000         1508         4.44
2026-08-27T05:22:56.907085032Z      111.615     0.800000         1556         5.00
2026-08-27T05:22:56.907087611Z      113.151     0.825000         1606         5.71
2026-08-27T05:22:56.907089802Z      114.943     0.850000         1652         6.67
2026-08-27T05:22:56.907091876Z      116.607     0.875000         1702         8.00
2026-08-27T05:22:56.907093893Z      117.439     0.887500         1725         8.89
2026-08-27T05:22:56.907095995Z      118.399     0.900000         1753        10.00
2026-08-27T05:22:56.907098080Z      118.975     0.912500         1773        11.43
2026-08-27T05:22:56.907100198Z      119.807     0.925000         1800        13.33
2026-08-27T05:22:56.907102405Z      120.575     0.937500         1822        16.00
2026-08-27T05:22:56.907104485Z      121.151     0.943750         1835        17.78
2026-08-27T05:22:56.907106688Z      121.535     0.950000         1847        20.00
2026-08-27T05:22:56.907108721Z      121.919     0.956250         1859        22.86
2026-08-27T05:22:56.907110741Z      122.367     0.962500         1873        26.67
2026-08-27T05:22:56.907112765Z      122.815     0.968750         1883        32.00
2026-08-27T05:22:56.907114848Z      123.007     0.971875         1889        35.56
2026-08-27T05:22:56.907116880Z      123.775     0.975000         1895        40.00
2026-08-27T05:22:56.907119084Z      135.807     0.978125         1901        45.71
2026-08-27T05:22:56.907121172Z      146.431     0.981250         1907        53.33
2026-08-27T05:22:56.907127297Z      159.743     0.984375         1913        64.00
2026-08-27T05:22:56.907129485Z      164.351     0.985938         1916        71.11
2026-08-27T05:22:56.907131655Z      169.471     0.987500         1919        80.00
2026-08-27T05:22:56.907133676Z      177.407     0.989062         1922        91.43
2026-08-27T05:22:56.907135773Z      184.447     0.990625         1925       106.67
2026-08-27T05:22:56.907137868Z      187.007     0.992188         1928       128.00
2026-08-27T05:22:56.907140052Z      194.047     0.992969         1930       142.22
2026-08-27T05:22:56.907142134Z      195.199     0.993750         1931       160.00
2026-08-27T05:22:56.907144306Z      201.087     0.994531         1933       182.86
2026-08-27T05:22:56.907146341Z      206.079     0.995313         1934       213.33
2026-08-27T05:22:56.907148459Z      208.895     0.996094         1936       256.00
2026-08-27T05:22:56.907150499Z      209.791     0.996484         1938       284.44
2026-08-27T05:22:56.907152582Z      209.791     0.996875         1938       320.00
2026-08-27T05:22:56.907154627Z      209.791     0.997266         1938       365.71
2026-08-27T05:22:56.907156850Z      214.271     0.997656         1939       426.67
2026-08-27T05:22:56.907161385Z      217.599     0.998047         1940       512.00
2026-08-27T05:22:56.907163918Z      217.599     0.998242         1940       568.89
2026-08-27T05:22:56.907166025Z      217.599     0.998437         1940       640.00
2026-08-27T05:22:56.907172067Z      222.847     0.998633         1941       731.43
2026-08-27T05:22:56.907174208Z      222.847     0.998828         1941       853.33
2026-08-27T05:22:56.907176355Z      265.727     0.999023         1942      1024.00
2026-08-27T05:22:56.907178413Z      265.727     0.999121         1942      1137.78
2026-08-27T05:22:56.907180598Z      265.727     0.999219         1942      1280.00
2026-08-27T05:22:56.907182745Z      265.727     0.999316         1942      1462.86
2026-08-27T05:22:56.907184965Z      265.727     0.999414         1942      1706.67
2026-08-27T05:22:56.907187066Z      296.447     0.999512         1943      2048.00
2026-08-27T05:22:56.907189133Z      296.447     1.000000         1943          inf
2026-08-27T05:22:56.907191385Z #[Mean    =       65.401, StdDeviation   =       52.851]
2026-08-27T05:22:56.907193506Z #[Max     =      296.192, Total count    =         1943]
2026-08-27T05:22:56.907195560Z #[Buckets =           27, SubBuckets     =         2048]
2026-08-27T05:22:56.907197833Z -----------------------------------------------------------------------
2026-08-27T05:22:56.907212995Z   2961 requests in 30.01s, 1.11MB read
2026-08-27T05:22:56.907215613Z   Socket errors: connect 0, read 0, write 0, timeout 183
2026-08-27T05:22:56.907217705Z   Non-2xx or 3xx responses: 1765
2026-08-27T05:22:56.907219812Z Requests/sec:     98.68  
2026-08-27T05:22:56.907222048Z Transfer/sec:     37.87KB
2026-08-27T05:22:57.913990983Z Running wrk2 on round #25
