2026-08-26T21:24:49.275365561Z Running wrk2 on round #0
2026-08-26T21:24:59.341431336Z Running 10s test @ http://10.96.95.215:8080/wrk2-api/post/compose
2026-08-26T21:24:59.341474943Z   3 threads and 3 connections
2026-08-26T21:24:59.341479627Z 
2026-08-26T21:24:59.341484344Z   Thread calibration: mean lat.: 3.451ms, rate sampling interval: 16ms
2026-08-26T21:24:59.341489324Z   Thread calibration: mean lat.: 3.917ms, rate sampling interval: 19ms
2026-08-26T21:24:59.341494700Z   Thread calibration: mean lat.: 6.352ms, rate sampling interval: 20ms
2026-08-26T21:24:59.341499216Z 
2026-08-26T21:24:59.341504215Z -----------------------------------------------------------------------
2026-08-26T21:24:59.341513438Z Test Results @ http://10.96.95.215:8080/wrk2-api/post/compose 
2026-08-26T21:24:59.341518272Z   Thread Stats   Avg      Stdev     99%   +/- Stdev
2026-08-26T21:24:59.341522592Z     Latency     -nanus    -nanus   0.00us    0.00%
2026-08-26T21:24:59.341526612Z     Req/Sec       -nan      -nan   0.00      0.00%
2026-08-26T21:24:59.341529690Z   Latency Distribution (HdrHistogram - Recorded Latency)
2026-08-26T21:24:59.341534068Z  50.000%    0.00us
2026-08-26T21:24:59.341537117Z  75.000%    0.00us
2026-08-26T21:24:59.341540209Z  90.000%    0.00us
2026-08-26T21:24:59.341543494Z  99.000%    0.00us
2026-08-26T21:24:59.341546679Z  99.900%    0.00us
2026-08-26T21:24:59.341549557Z  99.990%    0.00us
2026-08-26T21:24:59.341552553Z  99.999%    0.00us
2026-08-26T21:24:59.341555432Z 100.000%    0.00us
2026-08-26T21:24:59.341558140Z 
2026-08-26T21:24:59.341561108Z   Detailed Percentile spectrum:
2026-08-26T21:24:59.341564076Z        Value   Percentile   TotalCount 1/(1-Percentile)
2026-08-26T21:24:59.341566786Z 
2026-08-26T21:24:59.341569914Z        0.000     1.000000            0          inf
2026-08-26T21:24:59.341572807Z #[Mean    =         -nan, StdDeviation   =         -nan]
2026-08-26T21:24:59.341575707Z #[Max     =        0.000, Total count    =            0]
2026-08-26T21:24:59.341578636Z #[Buckets =           27, SubBuckets     =         2048]
2026-08-26T21:24:59.341581660Z -----------------------------------------------------------------------
2026-08-26T21:24:59.341585120Z   1024 requests in 10.00s, 200.77KB read
2026-08-26T21:24:59.341588003Z Requests/sec:    102.37  
2026-08-26T21:24:59.341590880Z Transfer/sec:     20.07KB
2026-08-26T21:25:00.347355123Z Running wrk2 on round #1
2026-08-26T21:25:10.356319829Z Running 10s test @ http://10.96.95.215:8080/wrk2-api/post/compose
2026-08-26T21:25:10.356361251Z   3 threads and 3 connections
2026-08-26T21:25:10.356366941Z 
2026-08-26T21:25:10.356372108Z   Thread calibration: mean lat.: 1435.800ms, rate sampling interval: 8617ms
2026-08-26T21:25:10.356377340Z   Thread calibration: mean lat.: 3.206ms, rate sampling interval: 17ms
2026-08-26T21:25:10.356382420Z   Thread calibration: mean lat.: 3.287ms, rate sampling interval: 17ms
2026-08-26T21:25:10.356388024Z 
2026-08-26T21:25:10.356392302Z -----------------------------------------------------------------------
2026-08-26T21:25:10.356397212Z Test Results @ http://10.96.95.215:8080/wrk2-api/post/compose 
2026-08-26T21:25:10.356586508Z   Thread Stats   Avg      Stdev     99%   +/- Stdev
2026-08-26T21:25:10.356602800Z     Latency     -nanus    -nanus   0.00us    0.00%
2026-08-26T21:25:10.356608262Z     Req/Sec       -nan      -nan   0.00      0.00%
2026-08-26T21:25:10.356612938Z   Latency Distribution (HdrHistogram - Recorded Latency)
2026-08-26T21:25:10.356618005Z  50.000%    0.00us
2026-08-26T21:25:10.356623083Z  75.000%    0.00us
2026-08-26T21:25:10.356627385Z  90.000%    0.00us
2026-08-26T21:25:10.356632075Z  99.000%    0.00us
2026-08-26T21:25:10.356661396Z  99.900%    0.00us
2026-08-26T21:25:10.356665148Z  99.990%    0.00us
2026-08-26T21:25:10.356668367Z  99.999%    0.00us
2026-08-26T21:25:10.356671827Z 100.000%    0.00us
2026-08-26T21:25:10.356674581Z 
2026-08-26T21:25:10.356678546Z   Detailed Percentile spectrum:
2026-08-26T21:25:10.356681772Z        Value   Percentile   TotalCount 1/(1-Percentile)
2026-08-26T21:25:10.356684642Z 
2026-08-26T21:25:10.356688389Z        0.000     1.000000            0          inf
2026-08-26T21:25:10.356691652Z #[Mean    =         -nan, StdDeviation   =         -nan]
2026-08-26T21:25:10.356695779Z #[Max     =        0.000, Total count    =            0]
2026-08-26T21:25:10.356699159Z #[Buckets =           27, SubBuckets     =         2048]
2026-08-26T21:25:10.356702764Z -----------------------------------------------------------------------
2026-08-26T21:25:10.356709791Z   1024 requests in 10.00s, 206.73KB read
2026-08-26T21:25:10.356740516Z Requests/sec:    102.38  
2026-08-26T21:25:10.356744153Z Transfer/sec:     20.67KB
2026-08-26T21:25:11.360348882Z Running wrk2 on round #2
2026-08-26T21:25:21.369462081Z Running 10s test @ http://10.96.95.215:8080/wrk2-api/post/compose
2026-08-26T21:25:21.369519004Z   3 threads and 3 connections
2026-08-26T21:25:21.369523915Z 
2026-08-26T21:25:21.369527839Z   Thread calibration: mean lat.: 3.278ms, rate sampling interval: 17ms
2026-08-26T21:25:21.369531376Z   Thread calibration: mean lat.: 3.293ms, rate sampling interval: 17ms
2026-08-26T21:25:21.369535315Z   Thread calibration: mean lat.: 3.055ms, rate sampling interval: 14ms
2026-08-26T21:25:21.369538803Z 
2026-08-26T21:25:21.369542399Z -----------------------------------------------------------------------
2026-08-26T21:25:21.369546545Z Test Results @ http://10.96.95.215:8080/wrk2-api/post/compose 
2026-08-26T21:25:21.369549989Z   Thread Stats   Avg      Stdev     99%   +/- Stdev
2026-08-26T21:25:21.369553358Z     Latency     -nanus    -nanus   0.00us    0.00%
2026-08-26T21:25:21.369557214Z     Req/Sec       -nan      -nan   0.00      0.00%
2026-08-26T21:25:21.369560632Z   Latency Distribution (HdrHistogram - Recorded Latency)
2026-08-26T21:25:21.369565161Z  50.000%    0.00us
2026-08-26T21:25:21.369568385Z  75.000%    0.00us
2026-08-26T21:25:21.369631220Z  90.000%    0.00us
2026-08-26T21:25:21.369634926Z  99.000%    0.00us
2026-08-26T21:25:21.369643000Z  99.900%    0.00us
2026-08-26T21:25:21.369645404Z  99.990%    0.00us
2026-08-26T21:25:21.369647816Z  99.999%    0.00us
2026-08-26T21:25:21.369651141Z 100.000%    0.00us
2026-08-26T21:25:21.369654147Z 
2026-08-26T21:25:21.369657391Z   Detailed Percentile spectrum:
2026-08-26T21:25:21.369660892Z        Value   Percentile   TotalCount 1/(1-Percentile)
2026-08-26T21:25:21.369664365Z 
2026-08-26T21:25:21.369667814Z        0.000     1.000000            0          inf
2026-08-26T21:25:21.369671573Z #[Mean    =         -nan, StdDeviation   =         -nan]
2026-08-26T21:25:21.369675217Z #[Max     =        0.000, Total count    =            0]
2026-08-26T21:25:21.369678533Z #[Buckets =           27, SubBuckets     =         2048]
2026-08-26T21:25:21.369682136Z -----------------------------------------------------------------------
2026-08-26T21:25:21.369687178Z   1024 requests in 10.00s, 200.81KB read
2026-08-26T21:25:21.369690637Z Requests/sec:    102.38  
2026-08-26T21:25:21.369694438Z Transfer/sec:     20.08KB
2026-08-26T21:25:22.373805270Z Running wrk2 on round #3
2026-08-26T21:25:32.383456711Z Running 10s test @ http://10.96.95.215:8080/wrk2-api/post/compose
2026-08-26T21:25:32.383496534Z   3 threads and 3 connections
2026-08-26T21:25:32.383533631Z 
2026-08-26T21:25:32.383538254Z   Thread calibration: mean lat.: 3.399ms, rate sampling interval: 17ms
2026-08-26T21:25:32.383541456Z   Thread calibration: mean lat.: 3.202ms, rate sampling interval: 17ms
2026-08-26T21:25:32.383544369Z   Thread calibration: mean lat.: 3.594ms, rate sampling interval: 18ms
2026-08-26T21:25:32.383547166Z 
2026-08-26T21:25:32.383550395Z -----------------------------------------------------------------------
2026-08-26T21:25:32.383554101Z Test Results @ http://10.96.95.215:8080/wrk2-api/post/compose 
2026-08-26T21:25:32.383557473Z   Thread Stats   Avg      Stdev     99%   +/- Stdev
2026-08-26T21:25:32.383560921Z     Latency     -nanus    -nanus   0.00us    0.00%
2026-08-26T21:25:32.383564466Z     Req/Sec       -nan      -nan   0.00      0.00%
2026-08-26T21:25:32.383567575Z   Latency Distribution (HdrHistogram - Recorded Latency)
2026-08-26T21:25:32.383571445Z  50.000%    0.00us
2026-08-26T21:25:32.383574516Z  75.000%    0.00us
2026-08-26T21:25:32.383577898Z  90.000%    0.00us
2026-08-26T21:25:32.383580951Z  99.000%    0.00us
2026-08-26T21:25:32.383584170Z  99.900%    0.00us
2026-08-26T21:25:32.383587782Z  99.990%    0.00us
2026-08-26T21:25:32.383591081Z  99.999%    0.00us
2026-08-26T21:25:32.383594332Z 100.000%    0.00us
2026-08-26T21:25:32.383597295Z 
2026-08-26T21:25:32.383600834Z   Detailed Percentile spectrum:
2026-08-26T21:25:32.383604394Z        Value   Percentile   TotalCount 1/(1-Percentile)
2026-08-26T21:25:32.383607497Z 
2026-08-26T21:25:32.383611081Z        0.000     1.000000            0          inf
2026-08-26T21:25:32.383614305Z #[Mean    =         -nan, StdDeviation   =         -nan]
2026-08-26T21:25:32.383617919Z #[Max     =        0.000, Total count    =            0]
2026-08-26T21:25:32.383621112Z #[Buckets =           27, SubBuckets     =         2048]
2026-08-26T21:25:32.383624430Z -----------------------------------------------------------------------
2026-08-26T21:25:32.383628297Z   1024 requests in 10.00s, 200.77KB read
2026-08-26T21:25:32.383631917Z Requests/sec:    102.37  
2026-08-26T21:25:32.383635332Z Transfer/sec:     20.07KB
2026-08-26T21:25:33.386839665Z Running wrk2 on round #4
2026-08-26T21:25:43.396297479Z Running 10s test @ http://10.96.95.215:8080/wrk2-api/post/compose
2026-08-26T21:25:43.396340067Z   3 threads and 3 connections
2026-08-26T21:25:43.396345068Z 
2026-08-26T21:25:43.396349779Z   Thread calibration: mean lat.: 3.297ms, rate sampling interval: 17ms
2026-08-26T21:25:43.396354072Z   Thread calibration: mean lat.: 3.281ms, rate sampling interval: 18ms
2026-08-26T21:25:43.396363770Z   Thread calibration: mean lat.: 3.423ms, rate sampling interval: 17ms
2026-08-26T21:25:43.396367825Z 
2026-08-26T21:25:43.396372235Z -----------------------------------------------------------------------
2026-08-26T21:25:43.396377226Z Test Results @ http://10.96.95.215:8080/wrk2-api/post/compose 
2026-08-26T21:25:43.396381716Z   Thread Stats   Avg      Stdev     99%   +/- Stdev
2026-08-26T21:25:43.396386010Z     Latency     -nanus    -nanus   0.00us    0.00%
2026-08-26T21:25:43.396390269Z     Req/Sec       -nan      -nan   0.00      0.00%
2026-08-26T21:25:43.396394831Z   Latency Distribution (HdrHistogram - Recorded Latency)
2026-08-26T21:25:43.396399696Z  50.000%    0.00us
2026-08-26T21:25:43.396403950Z  75.000%    0.00us
2026-08-26T21:25:43.396408245Z  90.000%    0.00us
2026-08-26T21:25:43.396412420Z  99.000%    0.00us
2026-08-26T21:25:43.396416900Z  99.900%    0.00us
2026-08-26T21:25:43.396421330Z  99.990%    0.00us
2026-08-26T21:25:43.396425505Z  99.999%    0.00us
2026-08-26T21:25:43.396447174Z 100.000%    0.00us
2026-08-26T21:25:43.396450715Z 
2026-08-26T21:25:43.396453832Z   Detailed Percentile spectrum:
2026-08-26T21:25:43.396457140Z        Value   Percentile   TotalCount 1/(1-Percentile)
2026-08-26T21:25:43.396460041Z 
2026-08-26T21:25:43.396462973Z        0.000     1.000000            0          inf
2026-08-26T21:25:43.396466156Z #[Mean    =         -nan, StdDeviation   =         -nan]
2026-08-26T21:25:43.396469477Z #[Max     =        0.000, Total count    =            0]
2026-08-26T21:25:43.396473019Z #[Buckets =           27, SubBuckets     =         2048]
2026-08-26T21:25:43.396476503Z -----------------------------------------------------------------------
2026-08-26T21:25:43.396480261Z   1024 requests in 10.00s, 200.75KB read
2026-08-26T21:25:43.396483249Z Requests/sec:    102.38  
2026-08-26T21:25:43.396486309Z Transfer/sec:     20.07KB
2026-08-26T21:25:44.399965598Z Running wrk2 on round #5
2026-08-26T21:25:54.409464794Z Running 10s test @ http://10.96.95.215:8080/wrk2-api/post/compose
2026-08-26T21:25:54.409496685Z   3 threads and 3 connections
2026-08-26T21:25:54.409499702Z 
2026-08-26T21:25:54.409502310Z   Thread calibration: mean lat.: 2.826ms, rate sampling interval: 10ms
2026-08-26T21:25:54.409504809Z   Thread calibration: mean lat.: 2.749ms, rate sampling interval: 10ms
2026-08-26T21:25:54.409507353Z   Thread calibration: mean lat.: 3.002ms, rate sampling interval: 15ms
2026-08-26T21:25:54.409509520Z 
2026-08-26T21:25:54.409511799Z -----------------------------------------------------------------------
2026-08-26T21:25:54.409514428Z Test Results @ http://10.96.95.215:8080/wrk2-api/post/compose 
2026-08-26T21:25:54.409516701Z   Thread Stats   Avg      Stdev     99%   +/- Stdev
2026-08-26T21:25:54.409519035Z     Latency     -nanus    -nanus   0.00us    0.00%
2026-08-26T21:25:54.409521281Z     Req/Sec       -nan      -nan   0.00      0.00%
2026-08-26T21:25:54.409523493Z   Latency Distribution (HdrHistogram - Recorded Latency)
2026-08-26T21:25:54.409526358Z  50.000%    0.00us
2026-08-26T21:25:54.409528626Z  75.000%    0.00us
2026-08-26T21:25:54.409530861Z  90.000%    0.00us
2026-08-26T21:25:54.409533058Z  99.000%    0.00us
2026-08-26T21:25:54.409535324Z  99.900%    0.00us
2026-08-26T21:25:54.409537586Z  99.990%    0.00us
2026-08-26T21:25:54.409539895Z  99.999%    0.00us
2026-08-26T21:25:54.409542109Z 100.000%    0.00us
2026-08-26T21:25:54.409544096Z 
2026-08-26T21:25:54.409546290Z   Detailed Percentile spectrum:
2026-08-26T21:25:54.409548646Z        Value   Percentile   TotalCount 1/(1-Percentile)
2026-08-26T21:25:54.409550794Z 
2026-08-26T21:25:54.409553146Z        0.000     1.000000            0          inf
2026-08-26T21:25:54.409555589Z #[Mean    =         -nan, StdDeviation   =         -nan]
2026-08-26T21:25:54.409558024Z #[Max     =        0.000, Total count    =            0]
2026-08-26T21:25:54.409560566Z #[Buckets =           27, SubBuckets     =         2048]
2026-08-26T21:25:54.409562865Z -----------------------------------------------------------------------
2026-08-26T21:25:54.409565779Z   1024 requests in 10.00s, 203.02KB read
2026-08-26T21:25:54.409568054Z Requests/sec:    102.38  
2026-08-26T21:25:54.409570424Z Transfer/sec:     20.30KB
2026-08-26T21:25:55.412942565Z Running wrk2 on round #6
2026-08-26T21:26:05.422127481Z Running 10s test @ http://10.96.95.215:8080/wrk2-api/post/compose
2026-08-26T21:26:05.422160369Z   3 threads and 3 connections
2026-08-26T21:26:05.422162880Z 
2026-08-26T21:26:05.422165427Z   Thread calibration: mean lat.: 3.178ms, rate sampling interval: 16ms
2026-08-26T21:26:05.422185967Z   Thread calibration: mean lat.: 3.402ms, rate sampling interval: 17ms
2026-08-26T21:26:05.422188986Z   Thread calibration: mean lat.: 3.272ms, rate sampling interval: 16ms
2026-08-26T21:26:05.422191171Z 
2026-08-26T21:26:05.422193625Z -----------------------------------------------------------------------
2026-08-26T21:26:05.422196789Z Test Results @ http://10.96.95.215:8080/wrk2-api/post/compose 
2026-08-26T21:26:05.422203771Z   Thread Stats   Avg      Stdev     99%   +/- Stdev
2026-08-26T21:26:05.422206196Z     Latency     -nanus    -nanus   0.00us    0.00%
2026-08-26T21:26:05.422208869Z     Req/Sec       -nan      -nan   0.00      0.00%
2026-08-26T21:26:05.422212193Z   Latency Distribution (HdrHistogram - Recorded Latency)
2026-08-26T21:26:05.422216982Z  50.000%    0.00us
2026-08-26T21:26:05.422220472Z  75.000%    0.00us
2026-08-26T21:26:05.422224062Z  90.000%    0.00us
2026-08-26T21:26:05.422227169Z  99.000%    0.00us
2026-08-26T21:26:05.422230492Z  99.900%    0.00us
2026-08-26T21:26:05.422233533Z  99.990%    0.00us
2026-08-26T21:26:05.422237165Z  99.999%    0.00us
2026-08-26T21:26:05.422240300Z 100.000%    0.00us
2026-08-26T21:26:05.422243665Z 
2026-08-26T21:26:05.422246731Z   Detailed Percentile spectrum:
2026-08-26T21:26:05.422250305Z        Value   Percentile   TotalCount 1/(1-Percentile)
2026-08-26T21:26:05.422253244Z 
2026-08-26T21:26:05.422256530Z        0.000     1.000000            0          inf
2026-08-26T21:26:05.422259982Z #[Mean    =         -nan, StdDeviation   =         -nan]
2026-08-26T21:26:05.422263533Z #[Max     =        0.000, Total count    =            0]
2026-08-26T21:26:05.422266945Z #[Buckets =           27, SubBuckets     =         2048]
2026-08-26T21:26:05.422270742Z -----------------------------------------------------------------------
2026-08-26T21:26:05.422275008Z   1024 requests in 10.00s, 204.98KB read
2026-08-26T21:26:05.422278473Z Requests/sec:    102.38  
2026-08-26T21:26:05.422281843Z Transfer/sec:     20.50KB
2026-08-26T21:26:06.426414121Z Running wrk2 on round #7
2026-08-26T21:26:16.436289039Z Running 10s test @ http://10.96.95.215:8080/wrk2-api/post/compose
2026-08-26T21:26:16.436331163Z   3 threads and 3 connections
2026-08-26T21:26:16.436336759Z 
2026-08-26T21:26:16.436341748Z   Thread calibration: mean lat.: 3.124ms, rate sampling interval: 16ms
2026-08-26T21:26:16.436346513Z   Thread calibration: mean lat.: 3.031ms, rate sampling interval: 16ms
2026-08-26T21:26:16.436350793Z   Thread calibration: mean lat.: 2.734ms, rate sampling interval: 10ms
2026-08-26T21:26:16.436355076Z 
2026-08-26T21:26:16.436359828Z -----------------------------------------------------------------------
2026-08-26T21:26:16.436365450Z Test Results @ http://10.96.95.215:8080/wrk2-api/post/compose 
2026-08-26T21:26:16.436370391Z   Thread Stats   Avg      Stdev     99%   +/- Stdev
2026-08-26T21:26:16.436375236Z     Latency     -nanus    -nanus   0.00us    0.00%
2026-08-26T21:26:16.436380200Z     Req/Sec       -nan      -nan   0.00      0.00%
2026-08-26T21:26:16.436384765Z   Latency Distribution (HdrHistogram - Recorded Latency)
2026-08-26T21:26:16.436389917Z  50.000%    0.00us
2026-08-26T21:26:16.436394454Z  75.000%    0.00us
2026-08-26T21:26:16.436399079Z  90.000%    0.00us
2026-08-26T21:26:16.436403476Z  99.000%    0.00us
2026-08-26T21:26:16.436406511Z  99.900%    0.00us
2026-08-26T21:26:16.436409514Z  99.990%    0.00us
2026-08-26T21:26:16.436412309Z  99.999%    0.00us
2026-08-26T21:26:16.436415221Z 100.000%    0.00us
2026-08-26T21:26:16.436417871Z 
2026-08-26T21:26:16.436420756Z   Detailed Percentile spectrum:
2026-08-26T21:26:16.436438176Z        Value   Percentile   TotalCount 1/(1-Percentile)
2026-08-26T21:26:16.436440320Z 
2026-08-26T21:26:16.436442628Z        0.000     1.000000            0          inf
2026-08-26T21:26:16.436444968Z #[Mean    =         -nan, StdDeviation   =         -nan]
2026-08-26T21:26:16.436447176Z #[Max     =        0.000, Total count    =            0]
2026-08-26T21:26:16.436449639Z #[Buckets =           27, SubBuckets     =         2048]
2026-08-26T21:26:16.436451867Z -----------------------------------------------------------------------
2026-08-26T21:26:16.436454345Z   1024 requests in 10.00s, 203.23KB read
2026-08-26T21:26:16.436456479Z Requests/sec:    102.38  
2026-08-26T21:26:16.436458673Z Transfer/sec:     20.32KB
2026-08-26T21:26:17.439922015Z Running wrk2 on round #8
2026-08-26T21:26:27.449546253Z Running 10s test @ http://10.96.95.215:8080/wrk2-api/post/compose
2026-08-26T21:26:27.449586782Z   3 threads and 3 connections
2026-08-26T21:26:27.449590871Z 
2026-08-26T21:26:27.449594632Z   Thread calibration: mean lat.: 3.439ms, rate sampling interval: 17ms
2026-08-26T21:26:27.449598563Z   Thread calibration: mean lat.: 3.265ms, rate sampling interval: 17ms
2026-08-26T21:26:27.449606811Z   Thread calibration: mean lat.: 3.408ms, rate sampling interval: 17ms
2026-08-26T21:26:27.449611339Z 
2026-08-26T21:26:27.449614379Z -----------------------------------------------------------------------
2026-08-26T21:26:27.449619091Z Test Results @ http://10.96.95.215:8080/wrk2-api/post/compose 
2026-08-26T21:26:27.449623701Z   Thread Stats   Avg      Stdev     99%   +/- Stdev
2026-08-26T21:26:27.449627300Z     Latency     -nanus    -nanus   0.00us    0.00%
2026-08-26T21:26:27.449630893Z     Req/Sec       -nan      -nan   0.00      0.00%
2026-08-26T21:26:27.449635361Z   Latency Distribution (HdrHistogram - Recorded Latency)
2026-08-26T21:26:27.449639891Z  50.000%    0.00us
2026-08-26T21:26:27.449643436Z  75.000%    0.00us
2026-08-26T21:26:27.449647086Z  90.000%    0.00us
2026-08-26T21:26:27.449651159Z  99.000%    0.00us
2026-08-26T21:26:27.449680114Z  99.900%    0.00us
2026-08-26T21:26:27.449685410Z  99.990%    0.00us
2026-08-26T21:26:27.449688743Z  99.999%    0.00us
2026-08-26T21:26:27.449692003Z 100.000%    0.00us
2026-08-26T21:26:27.449695824Z 
2026-08-26T21:26:27.449710195Z   Detailed Percentile spectrum:
2026-08-26T21:26:27.449741244Z        Value   Percentile   TotalCount 1/(1-Percentile)
2026-08-26T21:26:27.449745057Z 
2026-08-26T21:26:27.449748908Z        0.000     1.000000            0          inf
2026-08-26T21:26:27.449752731Z #[Mean    =         -nan, StdDeviation   =         -nan]
2026-08-26T21:26:27.449756619Z #[Max     =        0.000, Total count    =            0]
2026-08-26T21:26:27.449760426Z #[Buckets =           27, SubBuckets     =         2048]
2026-08-26T21:26:27.449764448Z -----------------------------------------------------------------------
2026-08-26T21:26:27.449768023Z   1024 requests in 10.00s, 206.89KB read
2026-08-26T21:26:27.449771708Z Requests/sec:    102.38  
2026-08-26T21:26:27.449775375Z Transfer/sec:     20.69KB
2026-08-26T21:26:28.453851697Z Running wrk2 on round #9
2026-08-26T21:26:38.466383412Z Running 10s test @ http://10.96.95.215:8080/wrk2-api/post/compose
2026-08-26T21:26:38.466422085Z   3 threads and 3 connections
2026-08-26T21:26:38.466425631Z 
2026-08-26T21:26:38.466429374Z   Thread calibration: mean lat.: 3.190ms, rate sampling interval: 17ms
2026-08-26T21:26:38.466432730Z   Thread calibration: mean lat.: 2.942ms, rate sampling interval: 10ms
2026-08-26T21:26:38.466436199Z   Thread calibration: mean lat.: 3.242ms, rate sampling interval: 16ms
2026-08-26T21:26:38.466461735Z 
2026-08-26T21:26:38.466465396Z -----------------------------------------------------------------------
2026-08-26T21:26:38.466469388Z Test Results @ http://10.96.95.215:8080/wrk2-api/post/compose 
2026-08-26T21:26:38.466472768Z   Thread Stats   Avg      Stdev     99%   +/- Stdev
2026-08-26T21:26:38.466475945Z     Latency     -nanus    -nanus   0.00us    0.00%
2026-08-26T21:26:38.466479042Z     Req/Sec       -nan      -nan   0.00      0.00%
2026-08-26T21:26:38.466482189Z   Latency Distribution (HdrHistogram - Recorded Latency)
2026-08-26T21:26:38.466485964Z  50.000%    0.00us
2026-08-26T21:26:38.466488907Z  75.000%    0.00us
2026-08-26T21:26:38.466492225Z  90.000%    0.00us
2026-08-26T21:26:38.466495277Z  99.000%    0.00us
2026-08-26T21:26:38.466511290Z  99.900%    0.00us
2026-08-26T21:26:38.466514981Z  99.990%    0.00us
2026-08-26T21:26:38.466518047Z  99.999%    0.00us
2026-08-26T21:26:38.466521145Z 100.000%    0.00us
2026-08-26T21:26:38.466524405Z 
2026-08-26T21:26:38.466527851Z   Detailed Percentile spectrum:
2026-08-26T21:26:38.466530948Z        Value   Percentile   TotalCount 1/(1-Percentile)
2026-08-26T21:26:38.466533573Z 
2026-08-26T21:26:38.466537067Z        0.000     1.000000            0          inf
2026-08-26T21:26:38.466540717Z #[Mean    =         -nan, StdDeviation   =         -nan]
2026-08-26T21:26:38.466544065Z #[Max     =        0.000, Total count    =            0]
2026-08-26T21:26:38.466547159Z #[Buckets =           27, SubBuckets     =         2048]
2026-08-26T21:26:38.466550439Z -----------------------------------------------------------------------
2026-08-26T21:26:38.466554505Z   1024 requests in 10.00s, 202.30KB read
2026-08-26T21:26:38.466557558Z Requests/sec:    102.36  
2026-08-26T21:26:38.466560696Z Transfer/sec:     20.22KB
2026-08-26T21:26:39.469603657Z Running wrk2 on round #10
2026-08-26T21:26:49.477935023Z Running 10s test @ http://10.96.95.215:8080/wrk2-api/post/compose
2026-08-26T21:26:49.477966204Z   3 threads and 3 connections
2026-08-26T21:26:49.477968838Z 
2026-08-26T21:26:49.477971476Z   Thread calibration: mean lat.: 3.129ms, rate sampling interval: 10ms
2026-08-26T21:26:49.477977339Z   Thread calibration: mean lat.: 3.231ms, rate sampling interval: 13ms
2026-08-26T21:26:49.477980083Z   Thread calibration: mean lat.: 3.468ms, rate sampling interval: 17ms
2026-08-26T21:26:49.477982199Z 
2026-08-26T21:26:49.477984584Z -----------------------------------------------------------------------
2026-08-26T21:26:49.477987509Z Test Results @ http://10.96.95.215:8080/wrk2-api/post/compose 
2026-08-26T21:26:49.477989938Z   Thread Stats   Avg      Stdev     99%   +/- Stdev
2026-08-26T21:26:49.477992995Z     Latency     -nanus    -nanus   0.00us    0.00%
2026-08-26T21:26:49.477996666Z     Req/Sec       -nan      -nan   0.00      0.00%
2026-08-26T21:26:49.478000046Z   Latency Distribution (HdrHistogram - Recorded Latency)
2026-08-26T21:26:49.478003949Z  50.000%    0.00us
2026-08-26T21:26:49.478007351Z  75.000%    0.00us
2026-08-26T21:26:49.478010576Z  90.000%    0.00us
2026-08-26T21:26:49.478013995Z  99.000%    0.00us
2026-08-26T21:26:49.478017503Z  99.900%    0.00us
2026-08-26T21:26:49.478020400Z  99.990%    0.00us
2026-08-26T21:26:49.478023715Z  99.999%    0.00us
2026-08-26T21:26:49.478027063Z 100.000%    0.00us
2026-08-26T21:26:49.478029823Z 
2026-08-26T21:26:49.478033081Z   Detailed Percentile spectrum:
2026-08-26T21:26:49.478036560Z        Value   Percentile   TotalCount 1/(1-Percentile)
2026-08-26T21:26:49.478039746Z 
2026-08-26T21:26:49.478043115Z        0.000     1.000000            0          inf
2026-08-26T21:26:49.478065556Z #[Mean    =         -nan, StdDeviation   =         -nan]
2026-08-26T21:26:49.478068240Z #[Max     =        0.000, Total count    =            0]
2026-08-26T21:26:49.478070638Z #[Buckets =           27, SubBuckets     =         2048]
2026-08-26T21:26:49.478072922Z -----------------------------------------------------------------------
2026-08-26T21:26:49.478079391Z   1024 requests in 10.00s, 218.09KB read
2026-08-26T21:26:49.478081751Z Requests/sec:    102.39  
2026-08-26T21:26:49.478083942Z Transfer/sec:     21.81KB
2026-08-26T21:26:50.481933334Z Running wrk2 on round #11
2026-08-26T21:27:00.492158380Z Running 10s test @ http://10.96.95.215:8080/wrk2-api/post/compose
2026-08-26T21:27:00.492198640Z   3 threads and 3 connections
2026-08-26T21:27:00.492204520Z 
2026-08-26T21:27:00.492209231Z   Thread calibration: mean lat.: 3.222ms, rate sampling interval: 16ms
2026-08-26T21:27:00.492213682Z   Thread calibration: mean lat.: 3.352ms, rate sampling interval: 17ms
2026-08-26T21:27:00.492217829Z   Thread calibration: mean lat.: 3.256ms, rate sampling interval: 17ms
2026-08-26T21:27:00.492221749Z 
2026-08-26T21:27:00.492226369Z -----------------------------------------------------------------------
2026-08-26T21:27:00.492231959Z Test Results @ http://10.96.95.215:8080/wrk2-api/post/compose 
2026-08-26T21:27:00.492236847Z   Thread Stats   Avg      Stdev     99%   +/- Stdev
2026-08-26T21:27:00.492241430Z     Latency     -nanus    -nanus   0.00us    0.00%
2026-08-26T21:27:00.492246205Z     Req/Sec       -nan      -nan   0.00      0.00%
2026-08-26T21:27:00.492251076Z   Latency Distribution (HdrHistogram - Recorded Latency)
2026-08-26T21:27:00.492256436Z  50.000%    0.00us
2026-08-26T21:27:00.492261266Z  75.000%    0.00us
2026-08-26T21:27:00.492265789Z  90.000%    0.00us
2026-08-26T21:27:00.492268977Z  99.000%    0.00us
2026-08-26T21:27:00.492271905Z  99.900%    0.00us
2026-08-26T21:27:00.492274867Z  99.990%    0.00us
2026-08-26T21:27:00.492279017Z  99.999%    0.00us
2026-08-26T21:27:00.492282752Z 100.000%    0.00us
2026-08-26T21:27:00.492285444Z 
2026-08-26T21:27:00.492288355Z   Detailed Percentile spectrum:
2026-08-26T21:27:00.492291375Z        Value   Percentile   TotalCount 1/(1-Percentile)
2026-08-26T21:27:00.492294314Z 
2026-08-26T21:27:00.492297415Z        0.000     1.000000            0          inf
2026-08-26T21:27:00.492300351Z #[Mean    =         -nan, StdDeviation   =         -nan]
2026-08-26T21:27:00.492303322Z #[Max     =        0.000, Total count    =            0]
2026-08-26T21:27:00.492306331Z #[Buckets =           27, SubBuckets     =         2048]
2026-08-26T21:27:00.492309241Z -----------------------------------------------------------------------
2026-08-26T21:27:00.492312632Z   1024 requests in 10.00s, 206.12KB read
2026-08-26T21:27:00.492315499Z Requests/sec:    102.38  
2026-08-26T21:27:00.492325813Z Transfer/sec:     20.61KB
2026-08-26T21:27:01.495908316Z Running wrk2 on round #12
2026-08-26T21:27:11.508792245Z Running 10s test @ http://10.96.95.215:8080/wrk2-api/post/compose
2026-08-26T21:27:11.508843038Z   3 threads and 3 connections
2026-08-26T21:27:11.508847694Z 
2026-08-26T21:27:11.508852290Z   Thread calibration: mean lat.: 3.288ms, rate sampling interval: 15ms
2026-08-26T21:27:11.508856402Z   Thread calibration: mean lat.: 3.147ms, rate sampling interval: 11ms
2026-08-26T21:27:11.508861281Z   Thread calibration: mean lat.: 3.446ms, rate sampling interval: 17ms
2026-08-26T21:27:11.508865506Z 
2026-08-26T21:27:11.508869943Z -----------------------------------------------------------------------
2026-08-26T21:27:11.508903152Z Test Results @ http://10.96.95.215:8080/wrk2-api/post/compose 
2026-08-26T21:27:11.508906845Z   Thread Stats   Avg      Stdev     99%   +/- Stdev
2026-08-26T21:27:11.508910078Z     Latency     -nanus    -nanus   0.00us    0.00%
2026-08-26T21:27:11.508913291Z     Req/Sec       -nan      -nan   0.00      0.00%
2026-08-26T21:27:11.508916163Z   Latency Distribution (HdrHistogram - Recorded Latency)
2026-08-26T21:27:11.508920116Z  50.000%    0.00us
2026-08-26T21:27:11.508923362Z  75.000%    0.00us
2026-08-26T21:27:11.508926590Z  90.000%    0.00us
2026-08-26T21:27:11.508930158Z  99.000%    0.00us
2026-08-26T21:27:11.508933283Z  99.900%    0.00us
2026-08-26T21:27:11.508936190Z  99.990%    0.00us
2026-08-26T21:27:11.508939234Z  99.999%    0.00us
2026-08-26T21:27:11.508942596Z 100.000%    0.00us
2026-08-26T21:27:11.508945538Z 
2026-08-26T21:27:11.508948767Z   Detailed Percentile spectrum:
2026-08-26T21:27:11.508951796Z        Value   Percentile   TotalCount 1/(1-Percentile)
2026-08-26T21:27:11.508954570Z 
2026-08-26T21:27:11.508958024Z        0.000     1.000000            0          inf
2026-08-26T21:27:11.508961746Z #[Mean    =         -nan, StdDeviation   =         -nan]
2026-08-26T21:27:11.508964826Z #[Max     =        0.000, Total count    =            0]
2026-08-26T21:27:11.508968253Z #[Buckets =           27, SubBuckets     =         2048]
2026-08-26T21:27:11.508971678Z -----------------------------------------------------------------------
2026-08-26T21:27:11.508975677Z   1024 requests in 10.00s, 207.38KB read
2026-08-26T21:27:11.508978602Z Requests/sec:    102.37  
2026-08-26T21:27:11.508981810Z Transfer/sec:     20.73KB
2026-08-26T21:27:12.513844867Z Running wrk2 on round #13
2026-08-26T21:27:22.523466467Z Running 10s test @ http://10.96.95.215:8080/wrk2-api/post/compose
2026-08-26T21:27:22.523511208Z   3 threads and 3 connections
2026-08-26T21:27:22.523514585Z 
2026-08-26T21:27:22.523517247Z   Thread calibration: mean lat.: 3.386ms, rate sampling interval: 17ms
2026-08-26T21:27:22.523519879Z   Thread calibration: mean lat.: 2.992ms, rate sampling interval: 10ms
2026-08-26T21:27:22.523522511Z   Thread calibration: mean lat.: 3.155ms, rate sampling interval: 14ms
2026-08-26T21:27:22.523524883Z 
2026-08-26T21:27:22.523527401Z -----------------------------------------------------------------------
2026-08-26T21:27:22.523530638Z Test Results @ http://10.96.95.215:8080/wrk2-api/post/compose 
2026-08-26T21:27:22.523532990Z   Thread Stats   Avg      Stdev     99%   +/- Stdev
2026-08-26T21:27:22.523535279Z     Latency     -nanus    -nanus   0.00us    0.00%
2026-08-26T21:27:22.523537642Z     Req/Sec       -nan      -nan   0.00      0.00%
2026-08-26T21:27:22.523540125Z   Latency Distribution (HdrHistogram - Recorded Latency)
2026-08-26T21:27:22.523544495Z  50.000%    0.00us
2026-08-26T21:27:22.523546764Z  75.000%    0.00us
2026-08-26T21:27:22.523549100Z  90.000%    0.00us
2026-08-26T21:27:22.523551494Z  99.000%    0.00us
2026-08-26T21:27:22.523553857Z  99.900%    0.00us
2026-08-26T21:27:22.523555947Z  99.990%    0.00us
2026-08-26T21:27:22.523558436Z  99.999%    0.00us
2026-08-26T21:27:22.523560983Z 100.000%    0.00us
2026-08-26T21:27:22.523563073Z 
2026-08-26T21:27:22.523565283Z   Detailed Percentile spectrum:
2026-08-26T21:27:22.523567580Z        Value   Percentile   TotalCount 1/(1-Percentile)
2026-08-26T21:27:22.523569686Z 
2026-08-26T21:27:22.523571954Z        0.000     1.000000            0          inf
2026-08-26T21:27:22.523574574Z #[Mean    =         -nan, StdDeviation   =         -nan]
2026-08-26T21:27:22.523577308Z #[Max     =        0.000, Total count    =            0]
2026-08-26T21:27:22.523641745Z #[Buckets =           27, SubBuckets     =         2048]
2026-08-26T21:27:22.523644981Z -----------------------------------------------------------------------
2026-08-26T21:27:22.523648083Z   1024 requests in 10.00s, 208.07KB read
2026-08-26T21:27:22.523650401Z Requests/sec:    102.39  
2026-08-26T21:27:22.523652824Z Transfer/sec:     20.80KB
2026-08-26T21:27:23.527621530Z Running wrk2 on round #14
2026-08-26T21:27:33.536244155Z Running 10s test @ http://10.96.95.215:8080/wrk2-api/post/compose
2026-08-26T21:27:33.536286647Z   3 threads and 3 connections
2026-08-26T21:27:33.536293022Z 
2026-08-26T21:27:33.536298314Z   Thread calibration: mean lat.: 3.336ms, rate sampling interval: 17ms
2026-08-26T21:27:33.536302881Z   Thread calibration: mean lat.: 3.351ms, rate sampling interval: 17ms
2026-08-26T21:27:33.536307837Z   Thread calibration: mean lat.: 3.025ms, rate sampling interval: 11ms
2026-08-26T21:27:33.536317985Z 
2026-08-26T21:27:33.536323347Z -----------------------------------------------------------------------
2026-08-26T21:27:33.536328036Z Test Results @ http://10.96.95.215:8080/wrk2-api/post/compose 
2026-08-26T21:27:33.536332833Z   Thread Stats   Avg      Stdev     99%   +/- Stdev
2026-08-26T21:27:33.536336710Z     Latency     -nanus    -nanus   0.00us    0.00%
2026-08-26T21:27:33.536340857Z     Req/Sec       -nan      -nan   0.00      0.00%
2026-08-26T21:27:33.536345569Z   Latency Distribution (HdrHistogram - Recorded Latency)
2026-08-26T21:27:33.536351450Z  50.000%    0.00us
2026-08-26T21:27:33.536356369Z  75.000%    0.00us
2026-08-26T21:27:33.536360935Z  90.000%    0.00us
2026-08-26T21:27:33.536365413Z  99.000%    0.00us
2026-08-26T21:27:33.536369945Z  99.900%    0.00us
2026-08-26T21:27:33.536374480Z  99.990%    0.00us
2026-08-26T21:27:33.536379028Z  99.999%    0.00us
2026-08-26T21:27:33.536383162Z 100.000%    0.00us
2026-08-26T21:27:33.536387291Z 
2026-08-26T21:27:33.536391849Z   Detailed Percentile spectrum:
2026-08-26T21:27:33.536396245Z        Value   Percentile   TotalCount 1/(1-Percentile)
2026-08-26T21:27:33.536400245Z 
2026-08-26T21:27:33.536404548Z        0.000     1.000000            0          inf
2026-08-26T21:27:33.536409041Z #[Mean    =         -nan, StdDeviation   =         -nan]
2026-08-26T21:27:33.536413839Z #[Max     =        0.000, Total count    =            0]
2026-08-26T21:27:33.536418514Z #[Buckets =           27, SubBuckets     =         2048]
2026-08-26T21:27:33.536421998Z -----------------------------------------------------------------------
2026-08-26T21:27:33.536425989Z   1024 requests in 10.00s, 217.80KB read
2026-08-26T21:27:33.536429121Z Requests/sec:    102.38  
2026-08-26T21:27:33.536432223Z Transfer/sec:     21.78KB
2026-08-26T21:27:34.539952447Z Running wrk2 on round #15
