2026-08-26T14:57:52.372334616Z Running wrk2 on round #0
2026-08-26T14:57:53.463329196Z unable to connect to 10.96.22.193:8080 Connection refused
2026-08-26T14:57:54.471012662Z Running wrk2 on round #1
2026-08-26T14:57:55.511121835Z unable to connect to 10.96.22.193:8080 Connection refused
2026-08-26T14:57:56.514196466Z Running wrk2 on round #2
2026-08-26T14:57:57.560245976Z unable to connect to 10.96.22.193:8080 Connection refused
2026-08-26T14:57:58.565508006Z Running wrk2 on round #3
2026-08-26T14:57:59.608164417Z unable to connect to 10.96.22.193:8080 Connection refused
2026-08-26T14:58:00.614980222Z Running wrk2 on round #4
2026-08-26T14:58:01.655196122Z unable to connect to 10.96.22.193:8080 Connection refused
2026-08-26T14:58:02.657968480Z Running wrk2 on round #5
2026-08-26T14:58:03.703185502Z unable to connect to 10.96.22.193:8080 Connection refused
2026-08-26T14:58:04.706354637Z Running wrk2 on round #6
2026-08-26T14:58:05.751149189Z unable to connect to 10.96.22.193:8080 Connection refused
2026-08-26T14:58:06.754031447Z Running wrk2 on round #7
2026-08-26T14:58:07.800155727Z unable to connect to 10.96.22.193:8080 Connection refused
2026-08-26T14:58:08.803138599Z Running wrk2 on round #8
2026-08-26T14:58:09.847732657Z unable to connect to 10.96.22.193:8080 Connection refused
2026-08-26T14:58:10.850913942Z Running wrk2 on round #9
2026-08-26T14:58:21.901456286Z Running 10s test @ http://10.96.22.193:8080/wrk2-api/post/compose
2026-08-26T14:58:21.901495451Z   3 threads and 3 connections
2026-08-26T14:58:21.901500596Z 
2026-08-26T14:58:21.901505243Z   Thread calibration: mean lat.: 3.215ms, rate sampling interval: 15ms
2026-08-26T14:58:21.901509932Z   Thread calibration: mean lat.: 3.493ms, rate sampling interval: 16ms
2026-08-26T14:58:21.901514834Z   Thread calibration: mean lat.: 2.977ms, rate sampling interval: 10ms
2026-08-26T14:58:21.901518865Z 
2026-08-26T14:58:21.901523870Z -----------------------------------------------------------------------
2026-08-26T14:58:21.901529081Z Test Results @ http://10.96.22.193:8080/wrk2-api/post/compose 
2026-08-26T14:58:21.901533730Z   Thread Stats   Avg      Stdev     99%   +/- Stdev
2026-08-26T14:58:21.901538426Z     Latency     -nanus    -nanus   0.00us    0.00%
2026-08-26T14:58:21.901542744Z     Req/Sec       -nan      -nan   0.00      0.00%
2026-08-26T14:58:21.901547035Z   Latency Distribution (HdrHistogram - Recorded Latency)
2026-08-26T14:58:21.901552507Z  50.000%    0.00us
2026-08-26T14:58:21.901557031Z  75.000%    0.00us
2026-08-26T14:58:21.901561416Z  90.000%    0.00us
2026-08-26T14:58:21.901565993Z  99.000%    0.00us
2026-08-26T14:58:21.901570530Z  99.900%    0.00us
2026-08-26T14:58:21.901574796Z  99.990%    0.00us
2026-08-26T14:58:21.901579174Z  99.999%    0.00us
2026-08-26T14:58:21.901584253Z 100.000%    0.00us
2026-08-26T14:58:21.901588156Z 
2026-08-26T14:58:21.901592606Z   Detailed Percentile spectrum:
2026-08-26T14:58:21.901597768Z        Value   Percentile   TotalCount 1/(1-Percentile)
2026-08-26T14:58:21.901602433Z 
2026-08-26T14:58:21.901607486Z        0.000     1.000000            0          inf
2026-08-26T14:58:21.901611779Z #[Mean    =         -nan, StdDeviation   =         -nan]
2026-08-26T14:58:21.901616144Z #[Max     =        0.000, Total count    =            0]
2026-08-26T14:58:21.901620577Z #[Buckets =           27, SubBuckets     =         2048]
2026-08-26T14:58:21.901626593Z -----------------------------------------------------------------------
2026-08-26T14:58:21.901636987Z   1024 requests in 10.00s, 200.34KB read
2026-08-26T14:58:21.901642749Z Requests/sec:    102.37  
2026-08-26T14:58:21.901647596Z Transfer/sec:     20.03KB
2026-08-26T14:58:22.905618511Z Running wrk2 on round #10
2026-08-26T14:58:32.915976099Z Running 10s test @ http://10.96.22.193:8080/wrk2-api/post/compose
2026-08-26T14:58:32.916019872Z   3 threads and 3 connections
2026-08-26T14:58:32.916025428Z 
2026-08-26T14:58:32.916030404Z   Thread calibration: mean lat.: 3.712ms, rate sampling interval: 15ms
2026-08-26T14:58:32.916034881Z   Thread calibration: mean lat.: 3.779ms, rate sampling interval: 17ms
2026-08-26T14:58:32.916039798Z   Thread calibration: mean lat.: 4.055ms, rate sampling interval: 20ms
2026-08-26T14:58:32.916044165Z 
2026-08-26T14:58:32.916049604Z -----------------------------------------------------------------------
2026-08-26T14:58:32.916055348Z Test Results @ http://10.96.22.193:8080/wrk2-api/post/compose 
2026-08-26T14:58:32.916059988Z   Thread Stats   Avg      Stdev     99%   +/- Stdev
2026-08-26T14:58:32.916064724Z     Latency     -nanus    -nanus   0.00us    0.00%
2026-08-26T14:58:32.916069553Z     Req/Sec       -nan      -nan   0.00      0.00%
2026-08-26T14:58:32.916079853Z   Latency Distribution (HdrHistogram - Recorded Latency)
2026-08-26T14:58:32.916085129Z  50.000%    0.00us
2026-08-26T14:58:32.916093490Z  75.000%    0.00us
2026-08-26T14:58:32.916098380Z  90.000%    0.00us
2026-08-26T14:58:32.916102860Z  99.000%    0.00us
2026-08-26T14:58:32.916107196Z  99.900%    0.00us
2026-08-26T14:58:32.916110367Z  99.990%    0.00us
2026-08-26T14:58:32.916113498Z  99.999%    0.00us
2026-08-26T14:58:32.916116541Z 100.000%    0.00us
2026-08-26T14:58:32.916119413Z 
2026-08-26T14:58:32.916122417Z   Detailed Percentile spectrum:
2026-08-26T14:58:32.916125879Z        Value   Percentile   TotalCount 1/(1-Percentile)
2026-08-26T14:58:32.916128749Z 
2026-08-26T14:58:32.916131832Z        0.000     1.000000            0          inf
2026-08-26T14:58:32.916134925Z #[Mean    =         -nan, StdDeviation   =         -nan]
2026-08-26T14:58:32.916137783Z #[Max     =        0.000, Total count    =            0]
2026-08-26T14:58:32.916140625Z #[Buckets =           27, SubBuckets     =         2048]
2026-08-26T14:58:32.916143700Z -----------------------------------------------------------------------
2026-08-26T14:58:32.916147156Z   1024 requests in 10.00s, 200.36KB read
2026-08-26T14:58:32.916150104Z Requests/sec:    102.39  
2026-08-26T14:58:32.916153089Z Transfer/sec:     20.03KB
2026-08-26T14:58:33.919291660Z Running wrk2 on round #11
2026-08-26T14:58:43.927422058Z Running 10s test @ http://10.96.22.193:8080/wrk2-api/post/compose
2026-08-26T14:58:43.927455518Z   3 threads and 3 connections
2026-08-26T14:58:43.927461222Z 
2026-08-26T14:58:43.927466141Z   Thread calibration: mean lat.: 3.254ms, rate sampling interval: 17ms
2026-08-26T14:58:43.927471349Z   Thread calibration: mean lat.: 2.768ms, rate sampling interval: 10ms
2026-08-26T14:58:43.927475993Z   Thread calibration: mean lat.: 2.910ms, rate sampling interval: 12ms
2026-08-26T14:58:43.927479962Z 
2026-08-26T14:58:43.927484421Z -----------------------------------------------------------------------
2026-08-26T14:58:43.927489788Z Test Results @ http://10.96.22.193:8080/wrk2-api/post/compose 
2026-08-26T14:58:43.927494631Z   Thread Stats   Avg      Stdev     99%   +/- Stdev
2026-08-26T14:58:43.927499432Z     Latency     -nanus    -nanus   0.00us    0.00%
2026-08-26T14:58:43.927504126Z     Req/Sec       -nan      -nan   0.00      0.00%
2026-08-26T14:58:43.927509248Z   Latency Distribution (HdrHistogram - Recorded Latency)
2026-08-26T14:58:43.927514054Z  50.000%    0.00us
2026-08-26T14:58:43.927518153Z  75.000%    0.00us
2026-08-26T14:58:43.927521347Z  90.000%    0.00us
2026-08-26T14:58:43.927541561Z  99.000%    0.00us
2026-08-26T14:58:43.927544054Z  99.900%    0.00us
2026-08-26T14:58:43.927546326Z  99.990%    0.00us
2026-08-26T14:58:43.927548470Z  99.999%    0.00us
2026-08-26T14:58:43.927550801Z 100.000%    0.00us
2026-08-26T14:58:43.927552828Z 
2026-08-26T14:58:43.927555116Z   Detailed Percentile spectrum:
2026-08-26T14:58:43.927557361Z        Value   Percentile   TotalCount 1/(1-Percentile)
2026-08-26T14:58:43.927559354Z 
2026-08-26T14:58:43.927561685Z        0.000     1.000000            0          inf
2026-08-26T14:58:43.927563872Z #[Mean    =         -nan, StdDeviation   =         -nan]
2026-08-26T14:58:43.927566336Z #[Max     =        0.000, Total count    =            0]
2026-08-26T14:58:43.927568749Z #[Buckets =           27, SubBuckets     =         2048]
2026-08-26T14:58:43.927570983Z -----------------------------------------------------------------------
2026-08-26T14:58:43.927573665Z   1024 requests in 10.00s, 201.77KB read
2026-08-26T14:58:43.927575909Z Requests/sec:    102.39  
2026-08-26T14:58:43.927578166Z Transfer/sec:     20.17KB
2026-08-26T14:58:44.930812275Z Running wrk2 on round #12
2026-08-26T14:58:54.940746060Z Running 10s test @ http://10.96.22.193:8080/wrk2-api/post/compose
2026-08-26T14:58:54.940790673Z   3 threads and 3 connections
2026-08-26T14:58:54.940793472Z 
2026-08-26T14:58:54.940796173Z   Thread calibration: mean lat.: 3.518ms, rate sampling interval: 18ms
2026-08-26T14:58:54.940798832Z   Thread calibration: mean lat.: 3.180ms, rate sampling interval: 12ms
2026-08-26T14:58:54.940801650Z   Thread calibration: mean lat.: 3.318ms, rate sampling interval: 16ms
2026-08-26T14:58:54.940803999Z 
2026-08-26T14:58:54.940806495Z -----------------------------------------------------------------------
2026-08-26T14:58:54.940811293Z Test Results @ http://10.96.22.193:8080/wrk2-api/post/compose 
2026-08-26T14:58:54.940813823Z   Thread Stats   Avg      Stdev     99%   +/- Stdev
2026-08-26T14:58:54.940816336Z     Latency     -nanus    -nanus   0.00us    0.00%
2026-08-26T14:58:54.940818916Z     Req/Sec       -nan      -nan   0.00      0.00%
2026-08-26T14:58:54.940821255Z   Latency Distribution (HdrHistogram - Recorded Latency)
2026-08-26T14:58:54.940824411Z  50.000%    0.00us
2026-08-26T14:58:54.940827006Z  75.000%    0.00us
2026-08-26T14:58:54.940829131Z  90.000%    0.00us
2026-08-26T14:58:54.940831371Z  99.000%    0.00us
2026-08-26T14:58:54.940833631Z  99.900%    0.00us
2026-08-26T14:58:54.940836007Z  99.990%    0.00us
2026-08-26T14:58:54.940838202Z  99.999%    0.00us
2026-08-26T14:58:54.940840407Z 100.000%    0.00us
2026-08-26T14:58:54.940842408Z 
2026-08-26T14:58:54.940844858Z   Detailed Percentile spectrum:
2026-08-26T14:58:54.940847153Z        Value   Percentile   TotalCount 1/(1-Percentile)
2026-08-26T14:58:54.940849132Z 
2026-08-26T14:58:54.940851442Z        0.000     1.000000            0          inf
2026-08-26T14:58:54.940853714Z #[Mean    =         -nan, StdDeviation   =         -nan]
2026-08-26T14:58:54.940856023Z #[Max     =        0.000, Total count    =            0]
2026-08-26T14:58:54.940858407Z #[Buckets =           27, SubBuckets     =         2048]
2026-08-26T14:58:54.940860860Z -----------------------------------------------------------------------
2026-08-26T14:58:54.940865271Z   1024 requests in 10.00s, 204.65KB read
2026-08-26T14:58:54.940867794Z Requests/sec:    102.37  
2026-08-26T14:58:54.940870209Z Transfer/sec:     20.46KB
2026-08-26T14:58:55.944417361Z Running wrk2 on round #13
2026-08-26T14:59:05.954639517Z Running 10s test @ http://10.96.22.193:8080/wrk2-api/post/compose
2026-08-26T14:59:05.954873569Z   3 threads and 3 connections
2026-08-26T14:59:05.954887155Z 
2026-08-26T14:59:05.954890615Z   Thread calibration: mean lat.: 3.727ms, rate sampling interval: 18ms
2026-08-26T14:59:05.954894223Z   Thread calibration: mean lat.: 3.763ms, rate sampling interval: 18ms
2026-08-26T14:59:05.954897839Z   Thread calibration: mean lat.: 3.633ms, rate sampling interval: 17ms
2026-08-26T14:59:05.954899985Z 
2026-08-26T14:59:05.954902601Z -----------------------------------------------------------------------
2026-08-26T14:59:05.954905536Z Test Results @ http://10.96.22.193:8080/wrk2-api/post/compose 
2026-08-26T14:59:05.954907968Z   Thread Stats   Avg      Stdev     99%   +/- Stdev
2026-08-26T14:59:05.954917097Z     Latency     -nanus    -nanus   0.00us    0.00%
2026-08-26T14:59:05.954919499Z     Req/Sec       -nan      -nan   0.00      0.00%
2026-08-26T14:59:05.954921723Z   Latency Distribution (HdrHistogram - Recorded Latency)
2026-08-26T14:59:05.954925091Z  50.000%    0.00us
2026-08-26T14:59:05.954927641Z  75.000%    0.00us
2026-08-26T14:59:05.954929887Z  90.000%    0.00us
2026-08-26T14:59:05.954932191Z  99.000%    0.00us
2026-08-26T14:59:05.954934539Z  99.900%    0.00us
2026-08-26T14:59:05.954936824Z  99.990%    0.00us
2026-08-26T14:59:05.954939108Z  99.999%    0.00us
2026-08-26T14:59:05.954941541Z 100.000%    0.00us
2026-08-26T14:59:05.954943639Z 
2026-08-26T14:59:05.954946110Z   Detailed Percentile spectrum:
2026-08-26T14:59:05.954948950Z        Value   Percentile   TotalCount 1/(1-Percentile)
2026-08-26T14:59:05.954951426Z 
2026-08-26T14:59:05.954954066Z        0.000     1.000000            0          inf
2026-08-26T14:59:05.954956419Z #[Mean    =         -nan, StdDeviation   =         -nan]
2026-08-26T14:59:05.954958720Z #[Max     =        0.000, Total count    =            0]
2026-08-26T14:59:05.954960970Z #[Buckets =           27, SubBuckets     =         2048]
2026-08-26T14:59:05.954963302Z -----------------------------------------------------------------------
2026-08-26T14:59:05.954966729Z   1024 requests in 10.00s, 203.69KB read
2026-08-26T14:59:05.954968961Z Requests/sec:    102.37  
2026-08-26T14:59:05.954971624Z Transfer/sec:     20.36KB
2026-08-26T14:59:06.958797826Z Running wrk2 on round #14
2026-08-26T14:59:16.968111219Z Running 10s test @ http://10.96.22.193:8080/wrk2-api/post/compose
2026-08-26T14:59:16.968162301Z   3 threads and 3 connections
2026-08-26T14:59:16.968166603Z 
2026-08-26T14:59:16.968170387Z   Thread calibration: mean lat.: 3.813ms, rate sampling interval: 19ms
2026-08-26T14:59:16.968175193Z   Thread calibration: mean lat.: 3.705ms, rate sampling interval: 19ms
2026-08-26T14:59:16.968180409Z   Thread calibration: mean lat.: 3.391ms, rate sampling interval: 17ms
2026-08-26T14:59:16.968184816Z 
2026-08-26T14:59:16.968189116Z -----------------------------------------------------------------------
2026-08-26T14:59:16.968194660Z Test Results @ http://10.96.22.193:8080/wrk2-api/post/compose 
2026-08-26T14:59:16.968199658Z   Thread Stats   Avg      Stdev     99%   +/- Stdev
2026-08-26T14:59:16.968204315Z     Latency     -nanus    -nanus   0.00us    0.00%
2026-08-26T14:59:16.968209011Z     Req/Sec       -nan      -nan   0.00      0.00%
2026-08-26T14:59:16.968213702Z   Latency Distribution (HdrHistogram - Recorded Latency)
2026-08-26T14:59:16.968219440Z  50.000%    0.00us
2026-08-26T14:59:16.968224041Z  75.000%    0.00us
2026-08-26T14:59:16.968228872Z  90.000%    0.00us
2026-08-26T14:59:16.968233323Z  99.000%    0.00us
2026-08-26T14:59:16.968238096Z  99.900%    0.00us
2026-08-26T14:59:16.968242646Z  99.990%    0.00us
2026-08-26T14:59:16.968263370Z  99.999%    0.00us
2026-08-26T14:59:16.968266063Z 100.000%    0.00us
2026-08-26T14:59:16.968268211Z 
2026-08-26T14:59:16.968270608Z   Detailed Percentile spectrum:
2026-08-26T14:59:16.968273091Z        Value   Percentile   TotalCount 1/(1-Percentile)
2026-08-26T14:59:16.968276081Z 
2026-08-26T14:59:16.968279485Z        0.000     1.000000            0          inf
2026-08-26T14:59:16.968282770Z #[Mean    =         -nan, StdDeviation   =         -nan]
2026-08-26T14:59:16.968286263Z #[Max     =        0.000, Total count    =            0]
2026-08-26T14:59:16.968289778Z #[Buckets =           27, SubBuckets     =         2048]
2026-08-26T14:59:16.968293088Z -----------------------------------------------------------------------
2026-08-26T14:59:16.968297065Z   1024 requests in 10.00s, 205.35KB read
2026-08-26T14:59:16.968300566Z Requests/sec:    102.38  
2026-08-26T14:59:16.968303974Z Transfer/sec:     20.53KB
2026-08-26T14:59:17.971567449Z Running wrk2 on round #15
2026-08-26T14:59:27.981845932Z Running 10s test @ http://10.96.22.193:8080/wrk2-api/post/compose
2026-08-26T14:59:27.981911198Z   3 threads and 3 connections
2026-08-26T14:59:27.981916162Z 
2026-08-26T14:59:27.981919778Z   Thread calibration: mean lat.: 3.827ms, rate sampling interval: 19ms
2026-08-26T14:59:27.981923312Z   Thread calibration: mean lat.: 3.500ms, rate sampling interval: 18ms
2026-08-26T14:59:27.981926576Z   Thread calibration: mean lat.: 3.813ms, rate sampling interval: 19ms
2026-08-26T14:59:27.981929461Z 
2026-08-26T14:59:27.981932667Z -----------------------------------------------------------------------
2026-08-26T14:59:27.981937198Z Test Results @ http://10.96.22.193:8080/wrk2-api/post/compose 
2026-08-26T14:59:27.981941032Z   Thread Stats   Avg      Stdev     99%   +/- Stdev
2026-08-26T14:59:27.981950482Z     Latency     -nanus    -nanus   0.00us    0.00%
2026-08-26T14:59:27.981958596Z     Req/Sec       -nan      -nan   0.00      0.00%
2026-08-26T14:59:27.981962305Z   Latency Distribution (HdrHistogram - Recorded Latency)
2026-08-26T14:59:27.981966973Z  50.000%    0.00us
2026-08-26T14:59:27.981970264Z  75.000%    0.00us
2026-08-26T14:59:27.981973685Z  90.000%    0.00us
2026-08-26T14:59:27.981976152Z  99.000%    0.00us
2026-08-26T14:59:27.981978784Z  99.900%    0.00us
2026-08-26T14:59:27.981981050Z  99.990%    0.00us
2026-08-26T14:59:27.981983625Z  99.999%    0.00us
2026-08-26T14:59:27.981985774Z 100.000%    0.00us
2026-08-26T14:59:27.981987725Z 
2026-08-26T14:59:27.981990051Z   Detailed Percentile spectrum:
2026-08-26T14:59:27.981992353Z        Value   Percentile   TotalCount 1/(1-Percentile)
2026-08-26T14:59:27.981994378Z 
2026-08-26T14:59:27.981997001Z        0.000     1.000000            0          inf
2026-08-26T14:59:27.981999366Z #[Mean    =         -nan, StdDeviation   =         -nan]
2026-08-26T14:59:27.982001627Z #[Max     =        0.000, Total count    =            0]
2026-08-26T14:59:27.982004013Z #[Buckets =           27, SubBuckets     =         2048]
2026-08-26T14:59:27.982006301Z -----------------------------------------------------------------------
2026-08-26T14:59:27.982009706Z   1024 requests in 10.00s, 201.83KB read
2026-08-26T14:59:27.982012210Z Requests/sec:    102.38  
2026-08-26T14:59:27.982014707Z Transfer/sec:     20.18KB
2026-08-26T14:59:28.986264094Z Running wrk2 on round #16
